<?xml version="1.0"?>
<link_info>
   <banner>TI ARM Linker PC v5.1.6</banner>
   <copyright>Copyright (c) 1996-2014 Texas Instruments Incorporated</copyright>
   <link_time>0x57319035</link_time>
   <link_errors>0x0</link_errors>
   <output_file>Week-2_ADC.out</output_file>
   <entry_point>
      <name>_c_int00</name>
      <address>0x2169</address>
   </entry_point>
   <input_file_list>
      <input_file id="fl-2">
         <path>.\</path>
         <kind>object</kind>
         <file>MS2ID.obj</file>
         <name>MS2ID.obj</name>
      </input_file>
      <input_file id="fl-3">
         <path>.\</path>
         <kind>object</kind>
         <file>button.obj</file>
         <name>button.obj</name>
      </input_file>
      <input_file id="fl-4">
         <path>.\</path>
         <kind>object</kind>
         <file>buttonSet.obj</file>
         <name>buttonSet.obj</name>
      </input_file>
      <input_file id="fl-5">
         <path>.\</path>
         <kind>object</kind>
         <file>circBuf.obj</file>
         <name>circBuf.obj</name>
      </input_file>
      <input_file id="fl-6">
         <path>.\</path>
         <kind>object</kind>
         <file>isqrt.obj</file>
         <name>isqrt.obj</name>
      </input_file>
      <input_file id="fl-7">
         <path>.\</path>
         <kind>object</kind>
         <file>rit128x96x4.obj</file>
         <name>rit128x96x4.obj</name>
      </input_file>
      <input_file id="fl-8">
         <path>.\</path>
         <kind>object</kind>
         <file>startup_ccs.obj</file>
         <name>startup_ccs.obj</name>
      </input_file>
      <input_file id="fl-9">
         <path>.\</path>
         <kind>object</kind>
         <file>ustdlib.obj</file>
         <name>ustdlib.obj</name>
      </input_file>
      <input_file id="fl-137">
         <path>c:\ti\ccsv6\tools\compiler\arm_5.1.6\lib\</path>
         <kind>archive</kind>
         <file>rtsv7M3_T_le_eabi.lib</file>
         <name>boot.obj</name>
      </input_file>
      <input_file id="fl-138">
         <path>c:\ti\ccsv6\tools\compiler\arm_5.1.6\lib\</path>
         <kind>archive</kind>
         <file>rtsv7M3_T_le_eabi.lib</file>
         <name>copy_decompress_none.obj</name>
      </input_file>
      <input_file id="fl-139">
         <path>c:\ti\ccsv6\tools\compiler\arm_5.1.6\lib\</path>
         <kind>archive</kind>
         <file>rtsv7M3_T_le_eabi.lib</file>
         <name>copy_decompress_rle.obj</name>
      </input_file>
      <input_file id="fl-13a">
         <path>c:\ti\ccsv6\tools\compiler\arm_5.1.6\lib\</path>
         <kind>archive</kind>
         <file>rtsv7M3_T_le_eabi.lib</file>
         <name>copy_zero_init.obj</name>
      </input_file>
      <input_file id="fl-13b">
         <path>c:\ti\ccsv6\tools\compiler\arm_5.1.6\lib\</path>
         <kind>archive</kind>
         <file>rtsv7M3_T_le_eabi.lib</file>
         <name>exit.obj</name>
      </input_file>
      <input_file id="fl-13c">
         <path>c:\ti\ccsv6\tools\compiler\arm_5.1.6\lib\</path>
         <kind>archive</kind>
         <file>rtsv7M3_T_le_eabi.lib</file>
         <name>memcpy_t2.obj</name>
      </input_file>
      <input_file id="fl-13d">
         <path>c:\ti\ccsv6\tools\compiler\arm_5.1.6\lib\</path>
         <kind>archive</kind>
         <file>rtsv7M3_T_le_eabi.lib</file>
         <name>memory.obj</name>
      </input_file>
      <input_file id="fl-13e">
         <path>c:\ti\ccsv6\tools\compiler\arm_5.1.6\lib\</path>
         <kind>archive</kind>
         <file>rtsv7M3_T_le_eabi.lib</file>
         <name>stkdepth_vars.obj</name>
      </input_file>
      <input_file id="fl-13f">
         <path>c:\ti\ccsv6\tools\compiler\arm_5.1.6\lib\</path>
         <kind>archive</kind>
         <file>rtsv7M3_T_le_eabi.lib</file>
         <name>u_divt2.obj</name>
      </input_file>
      <input_file id="fl-140">
         <path>c:\ti\ccsv6\tools\compiler\arm_5.1.6\lib\</path>
         <kind>archive</kind>
         <file>rtsv7M3_T_le_eabi.lib</file>
         <name>_lock.obj</name>
      </input_file>
      <input_file id="fl-141">
         <path>c:\ti\ccsv6\tools\compiler\arm_5.1.6\lib\</path>
         <kind>archive</kind>
         <file>rtsv7M3_T_le_eabi.lib</file>
         <name>args_main.obj</name>
      </input_file>
      <input_file id="fl-142">
         <path>c:\ti\ccsv6\tools\compiler\arm_5.1.6\lib\</path>
         <kind>archive</kind>
         <file>rtsv7M3_T_le_eabi.lib</file>
         <name>auto_init.obj</name>
      </input_file>
      <input_file id="fl-143">
         <path>c:\ti\ccsv6\tools\compiler\arm_5.1.6\lib\</path>
         <kind>archive</kind>
         <file>rtsv7M3_T_le_eabi.lib</file>
         <name>cpy_tbl.obj</name>
      </input_file>
      <input_file id="fl-144">
         <path>P:\courses\ENCE361\StellarisWare\driverlib\ccs-cm3\Debug\</path>
         <kind>archive</kind>
         <file>driverlib-cm3.lib</file>
         <name>adc.obj</name>
      </input_file>
      <input_file id="fl-145">
         <path>P:\courses\ENCE361\StellarisWare\driverlib\ccs-cm3\Debug\</path>
         <kind>archive</kind>
         <file>driverlib-cm3.lib</file>
         <name>gpio.obj</name>
      </input_file>
      <input_file id="fl-146">
         <path>P:\courses\ENCE361\StellarisWare\driverlib\ccs-cm3\Debug\</path>
         <kind>archive</kind>
         <file>driverlib-cm3.lib</file>
         <name>interrupt.obj</name>
      </input_file>
      <input_file id="fl-147">
         <path>P:\courses\ENCE361\StellarisWare\driverlib\ccs-cm3\Debug\</path>
         <kind>archive</kind>
         <file>driverlib-cm3.lib</file>
         <name>ssi.obj</name>
      </input_file>
      <input_file id="fl-148">
         <path>P:\courses\ENCE361\StellarisWare\driverlib\ccs-cm3\Debug\</path>
         <kind>archive</kind>
         <file>driverlib-cm3.lib</file>
         <name>sysctl.obj</name>
      </input_file>
      <input_file id="fl-149">
         <path>P:\courses\ENCE361\StellarisWare\driverlib\ccs-cm3\Debug\</path>
         <kind>archive</kind>
         <file>driverlib-cm3.lib</file>
         <name>systick.obj</name>
      </input_file>
      <input_file id="fl-14a">
         <path>P:\courses\ENCE361\StellarisWare\driverlib\ccs-cm3\Debug\</path>
         <kind>archive</kind>
         <file>driverlib-cm3.lib</file>
         <name>cpu.obj</name>
      </input_file>
   </input_file_list>
   <object_component_list>
      <object_component id="oc-d">
         <name>.intvecs</name>
         <load_address>0x0</load_address>
         <run_address>0x0</run_address>
         <size>0xf0</size>
         <input_file_ref idref="fl-8"/>
      </object_component>
      <object_component id="oc-139">
         <name>.text</name>
         <load_address>0xf0</load_address>
         <run_address>0xf0</run_address>
         <size>0xa48</size>
         <input_file_ref idref="fl-9"/>
      </object_component>
      <object_component id="oc-133">
         <name>.text</name>
         <load_address>0xb38</load_address>
         <run_address>0xb38</run_address>
         <size>0x510</size>
         <input_file_ref idref="fl-7"/>
      </object_component>
      <object_component id="oc-203">
         <name>.text</name>
         <load_address>0x1048</load_address>
         <run_address>0x1048</run_address>
         <size>0x3cc</size>
         <input_file_ref idref="fl-13d"/>
      </object_component>
      <object_component id="oc-7c">
         <name>.text</name>
         <load_address>0x1414</load_address>
         <run_address>0x1414</run_address>
         <size>0x398</size>
         <input_file_ref idref="fl-2"/>
      </object_component>
      <object_component id="oc-d3">
         <name>.text:SysCtlClockGet</name>
         <load_address>0x17ac</load_address>
         <run_address>0x17ac</run_address>
         <size>0x1c8</size>
         <input_file_ref idref="fl-148"/>
      </object_component>
      <object_component id="oc-cd">
         <name>.text:SysCtlClockSet</name>
         <load_address>0x1974</load_address>
         <run_address>0x1974</run_address>
         <size>0x148</size>
         <input_file_ref idref="fl-148"/>
      </object_component>
      <object_component id="oc-195">
         <name>.text:GPIOGetIntNumber</name>
         <load_address>0x1abc</load_address>
         <run_address>0x1abc</run_address>
         <size>0xfc</size>
         <input_file_ref idref="fl-145"/>
      </object_component>
      <object_component id="oc-11b">
         <name>.text:GPIOPadConfigSet</name>
         <load_address>0x1bb8</load_address>
         <run_address>0x1bb8</run_address>
         <size>0xb8</size>
         <input_file_ref idref="fl-145"/>
      </object_component>
      <object_component id="oc-13f">
         <name>.text</name>
         <load_address>0x1c70</load_address>
         <run_address>0x1c70</run_address>
         <size>0xb8</size>
         <input_file_ref idref="fl-5"/>
      </object_component>
      <object_component id="oc-49">
         <name>.text</name>
         <load_address>0x1d28</load_address>
         <run_address>0x1d28</run_address>
         <size>0x9c</size>
         <input_file_ref idref="fl-13c"/>
      </object_component>
      <object_component id="oc-34">
         <name>.text</name>
         <load_address>0x1dc4</load_address>
         <run_address>0x1dc4</run_address>
         <size>0x94</size>
         <input_file_ref idref="fl-142"/>
      </object_component>
      <object_component id="oc-fd">
         <name>.text:ADCSequenceStepConfigure</name>
         <load_address>0x1e58</load_address>
         <run_address>0x1e58</run_address>
         <size>0x6c</size>
         <input_file_ref idref="fl-144"/>
      </object_component>
      <object_component id="oc-12d">
         <name>.text:IntEnable</name>
         <load_address>0x1ec4</load_address>
         <run_address>0x1ec4</run_address>
         <size>0x68</size>
         <input_file_ref idref="fl-146"/>
      </object_component>
      <object_component id="oc-5c">
         <name>.text</name>
         <load_address>0x1f2c</load_address>
         <run_address>0x1f2c</run_address>
         <size>0x5e</size>
         <input_file_ref idref="fl-139"/>
      </object_component>
      <object_component id="oc-f1">
         <name>.text:SysCtlPeripheralEnable</name>
         <load_address>0x1f8c</load_address>
         <run_address>0x1f8c</run_address>
         <size>0x5c</size>
         <input_file_ref idref="fl-148"/>
      </object_component>
      <object_component id="oc-75">
         <name>.text</name>
         <load_address>0x1fe8</load_address>
         <run_address>0x1fe8</run_address>
         <size>0x44</size>
         <input_file_ref idref="fl-143"/>
      </object_component>
      <object_component id="oc-3f">
         <name>.text</name>
         <load_address>0x202c</load_address>
         <run_address>0x202c</run_address>
         <size>0x44</size>
         <input_file_ref idref="fl-13b"/>
      </object_component>
      <object_component id="oc-1bf">
         <name>.text:SSIConfigSetExpClk</name>
         <load_address>0x2070</load_address>
         <run_address>0x2070</run_address>
         <size>0x42</size>
         <input_file_ref idref="fl-147"/>
      </object_component>
      <object_component id="oc-1ec">
         <name>.text</name>
         <load_address>0x20b2</load_address>
         <run_address>0x20b2</run_address>
         <size>0x42</size>
         <input_file_ref idref="fl-13f"/>
      </object_component>
      <object_component id="oc-121">
         <name>.text:GPIOIntTypeSet</name>
         <load_address>0x20f4</load_address>
         <run_address>0x20f4</run_address>
         <size>0x3e</size>
         <input_file_ref idref="fl-145"/>
      </object_component>
      <object_component id="oc-183">
         <name>.text:IntRegister</name>
         <load_address>0x2134</load_address>
         <run_address>0x2134</run_address>
         <size>0x34</size>
         <input_file_ref idref="fl-146"/>
      </object_component>
      <object_component id="oc-10">
         <name>.text</name>
         <load_address>0x2168</load_address>
         <run_address>0x2168</run_address>
         <size>0x34</size>
         <input_file_ref idref="fl-137"/>
      </object_component>
      <object_component id="oc-f7">
         <name>.text:ADCSequenceConfigure</name>
         <load_address>0x219c</load_address>
         <run_address>0x219c</run_address>
         <size>0x2a</size>
         <input_file_ref idref="fl-144"/>
      </object_component>
      <object_component id="oc-23e">
         <name>.text:GPIODirModeSet</name>
         <load_address>0x21c6</load_address>
         <run_address>0x21c6</run_address>
         <size>0x2a</size>
         <input_file_ref idref="fl-145"/>
      </object_component>
      <object_component id="oc-109">
         <name>.text:ADCIntRegister</name>
         <load_address>0x21f0</load_address>
         <run_address>0x21f0</run_address>
         <size>0x24</size>
         <input_file_ref idref="fl-144"/>
      </object_component>
      <object_component id="oc-c1">
         <name>.text:ADCSequenceDataGet</name>
         <load_address>0x2214</load_address>
         <run_address>0x2214</run_address>
         <size>0x1e</size>
         <input_file_ref idref="fl-144"/>
      </object_component>
      <object_component id="oc-df">
         <name>.text:SysTickIntRegister</name>
         <load_address>0x2234</load_address>
         <run_address>0x2234</run_address>
         <size>0x1c</size>
         <input_file_ref idref="fl-149"/>
      </object_component>
      <object_component id="oc-bb">
         <name>.text:ADCProcessorTrigger</name>
         <load_address>0x2250</load_address>
         <run_address>0x2250</run_address>
         <size>0x1a</size>
         <input_file_ref idref="fl-144"/>
      </object_component>
      <object_component id="oc-115">
         <name>.text:GPIOPortIntRegister</name>
         <load_address>0x226a</load_address>
         <run_address>0x226a</run_address>
         <size>0x18</size>
         <input_file_ref idref="fl-145"/>
      </object_component>
      <object_component id="oc-39">
         <name>.text</name>
         <load_address>0x2284</load_address>
         <run_address>0x2284</run_address>
         <size>0x18</size>
         <input_file_ref idref="fl-141"/>
      </object_component>
      <object_component id="oc-eb">
         <name>.text:SysTickEnable</name>
         <load_address>0x229c</load_address>
         <run_address>0x229c</run_address>
         <size>0x14</size>
         <input_file_ref idref="fl-149"/>
      </object_component>
      <object_component id="oc-e5">
         <name>.text:SysTickIntEnable</name>
         <load_address>0x22b0</load_address>
         <run_address>0x22b0</run_address>
         <size>0x14</size>
         <input_file_ref idref="fl-149"/>
      </object_component>
      <object_component id="oc-15c">
         <name>.text</name>
         <load_address>0x22c4</load_address>
         <run_address>0x22c4</run_address>
         <size>0x14</size>
         <input_file_ref idref="fl-140"/>
      </object_component>
      <object_component id="oc-1d7">
         <name>.text:GPIOPinTypeGPIOOutput</name>
         <load_address>0x22d8</load_address>
         <run_address>0x22d8</run_address>
         <size>0x12</size>
         <input_file_ref idref="fl-145"/>
      </object_component>
      <object_component id="oc-1c5">
         <name>.text:GPIOPinTypeSSI</name>
         <load_address>0x22ea</load_address>
         <run_address>0x22ea</run_address>
         <size>0x12</size>
         <input_file_ref idref="fl-145"/>
      </object_component>
      <object_component id="oc-1d1">
         <name>.text:SSIDataGetNonBlocking</name>
         <load_address>0x22fc</load_address>
         <run_address>0x22fc</run_address>
         <size>0x12</size>
         <input_file_ref idref="fl-147"/>
      </object_component>
      <object_component id="oc-1b">
         <name>.text:decompress:ZI</name>
         <load_address>0x230e</load_address>
         <run_address>0x230e</run_address>
         <size>0x12</size>
         <input_file_ref idref="fl-13a"/>
      </object_component>
      <object_component id="oc-10f">
         <name>.text:ADCIntEnable</name>
         <load_address>0x2320</load_address>
         <run_address>0x2320</run_address>
         <size>0x10</size>
         <input_file_ref idref="fl-144"/>
      </object_component>
      <object_component id="oc-d9">
         <name>.text:SysTickPeriodSet</name>
         <load_address>0x2330</load_address>
         <run_address>0x2330</run_address>
         <size>0x10</size>
         <input_file_ref idref="fl-149"/>
      </object_component>
      <object_component id="oc-103">
         <name>.text:ADCSequenceEnable</name>
         <load_address>0x2340</load_address>
         <run_address>0x2340</run_address>
         <size>0xe</size>
         <input_file_ref idref="fl-144"/>
      </object_component>
      <object_component id="oc-15">
         <name>.text:decompress:none</name>
         <load_address>0x234e</load_address>
         <run_address>0x234e</run_address>
         <size>0xe</size>
         <input_file_ref idref="fl-138"/>
      </object_component>
      <object_component id="oc-20b">
         <name>.text:CPUcpsie</name>
         <load_address>0x235c</load_address>
         <run_address>0x235c</run_address>
         <size>0xc</size>
         <input_file_ref idref="fl-14a"/>
      </object_component>
      <object_component id="oc-127">
         <name>.text:GPIOPinIntEnable</name>
         <load_address>0x2368</load_address>
         <run_address>0x2368</run_address>
         <size>0xc</size>
         <input_file_ref idref="fl-145"/>
      </object_component>
      <object_component id="oc-2b">
         <name>.text</name>
         <load_address>0x2374</load_address>
         <run_address>0x2374</run_address>
         <size>0xc</size>
         <input_file_ref idref="fl-8"/>
      </object_component>
      <object_component id="oc-c7">
         <name>.text:ADCIntClear</name>
         <load_address>0x2380</load_address>
         <run_address>0x2380</run_address>
         <size>0xa</size>
         <input_file_ref idref="fl-144"/>
      </object_component>
      <object_component id="oc-145">
         <name>.text:IntMasterEnable</name>
         <load_address>0x238a</load_address>
         <run_address>0x238a</run_address>
         <size>0xa</size>
         <input_file_ref idref="fl-146"/>
      </object_component>
      <object_component id="oc-1b0">
         <name>.text:SSIDataPut</name>
         <load_address>0x2394</load_address>
         <run_address>0x2394</run_address>
         <size>0xa</size>
         <input_file_ref idref="fl-147"/>
      </object_component>
      <object_component id="oc-1b9">
         <name>.text:SSIDisable</name>
         <load_address>0x239e</load_address>
         <run_address>0x239e</run_address>
         <size>0xa</size>
         <input_file_ref idref="fl-147"/>
      </object_component>
      <object_component id="oc-1cb">
         <name>.text:SSIEnable</name>
         <load_address>0x23a8</load_address>
         <run_address>0x23a8</run_address>
         <size>0xa</size>
         <input_file_ref idref="fl-147"/>
      </object_component>
      <object_component id="oc-1a4">
         <name>.text:SSIBusy</name>
         <load_address>0x23b2</load_address>
         <run_address>0x23b2</run_address>
         <size>0x8</size>
         <input_file_ref idref="fl-147"/>
      </object_component>
      <object_component id="oc-af">
         <name>.text:GPIOPinIntClear</name>
         <load_address>0x23ba</load_address>
         <run_address>0x23ba</run_address>
         <size>0x6</size>
         <input_file_ref idref="fl-145"/>
      </object_component>
      <object_component id="oc-b5">
         <name>.text:GPIOPinRead</name>
         <load_address>0x23c0</load_address>
         <run_address>0x23c0</run_address>
         <size>0x6</size>
         <input_file_ref idref="fl-145"/>
      </object_component>
      <object_component id="oc-1aa">
         <name>.text:GPIOPinWrite</name>
         <load_address>0x23c6</load_address>
         <run_address>0x23c6</run_address>
         <size>0x6</size>
         <input_file_ref idref="fl-145"/>
      </object_component>
      <object_component id="oc-179">
         <name>.text:SysCtlDelay</name>
         <load_address>0x23cc</load_address>
         <run_address>0x23cc</run_address>
         <size>0x6</size>
         <input_file_ref idref="fl-148"/>
      </object_component>
      <object_component id="oc-21">
         <name>.text:decompress:rle24</name>
         <load_address>0x23d2</load_address>
         <run_address>0x23d2</run_address>
         <size>0x6</size>
         <input_file_ref idref="fl-139"/>
      </object_component>
      <object_component id="oc-1e4">
         <name>.const:g_pucFont</name>
         <load_address>0x23d8</load_address>
         <run_address>0x23d8</run_address>
         <size>0x1e0</size>
         <input_file_ref idref="fl-7"/>
      </object_component>
      <object_component id="oc-19f">
         <name>.const</name>
         <load_address>0x25b8</load_address>
         <run_address>0x25b8</run_address>
         <size>0x70</size>
         <input_file_ref idref="fl-146"/>
      </object_component>
      <object_component id="oc-17d">
         <name>.const:g_pulXtals</name>
         <load_address>0x2628</load_address>
         <run_address>0x2628</run_address>
         <size>0x6c</size>
         <input_file_ref idref="fl-148"/>
      </object_component>
      <object_component id="oc-1e8">
         <name>.const:.string:g_pucRIT128x96x4Init</name>
         <load_address>0x2694</load_address>
         <run_address>0x2694</run_address>
         <size>0x4f</size>
         <input_file_ref idref="fl-7"/>
      </object_component>
      <object_component id="oc-18c">
         <name>.const</name>
         <load_address>0x26e4</load_address>
         <run_address>0x26e4</run_address>
         <size>0x40</size>
         <input_file_ref idref="fl-148"/>
      </object_component>
      <object_component id="oc-1f1">
         <name>.const</name>
         <load_address>0x2724</load_address>
         <run_address>0x2724</run_address>
         <size>0x1c</size>
         <input_file_ref idref="fl-9"/>
      </object_component>
      <object_component id="oc-24f">
         <name>.const:.string</name>
         <load_address>0x2740</load_address>
         <run_address>0x2740</run_address>
         <size>0x12</size>
         <input_file_ref idref="fl-9"/>
      </object_component>
      <object_component id="oc-1df">
         <name>.const:.string</name>
         <load_address>0x2752</load_address>
         <run_address>0x2752</run_address>
         <size>0xc</size>
         <input_file_ref idref="fl-7"/>
      </object_component>
      <object_component id="oc-287">
         <name>.cinit..data.load</name>
         <load_address>0x2760</load_address>
         <run_address>0x2760</run_address>
         <size>0x1f</size>
      </object_component>
      <object_component id="oc-284">
         <name>__TI_handler_table</name>
         <load_address>0x2780</load_address>
         <run_address>0x2780</run_address>
         <size>0xc</size>
      </object_component>
      <object_component id="oc-288">
         <name>.cinit..bss.load</name>
         <load_address>0x2790</load_address>
         <run_address>0x2790</run_address>
         <size>0x8</size>
      </object_component>
      <object_component id="oc-286">
         <name>.cinit..vtable.load</name>
         <load_address>0x2798</load_address>
         <run_address>0x2798</run_address>
         <size>0x8</size>
      </object_component>
      <object_component id="oc-285">
         <name>__TI_cinit_table</name>
         <load_address>0x27a0</load_address>
         <run_address>0x27a0</run_address>
         <size>0x18</size>
      </object_component>
      <object_component id="oc-22b">
         <name>.vtable</name>
         <uninitialized>true</uninitialized>
         <run_address>0x20000000</run_address>
         <size>0x26c</size>
         <input_file_ref idref="fl-146"/>
      </object_component>
      <object_component id="oc-45">
         <name>.data</name>
         <load_address>0x20002ac8</load_address>
         <run_address>0x20002ac8</run_address>
         <size>0x4</size>
         <input_file_ref idref="fl-13e"/>
      </object_component>
      <object_component id="oc-84">
         <name>.data</name>
         <load_address>0x20002ab8</load_address>
         <run_address>0x20002ab8</run_address>
         <size>0x8</size>
         <input_file_ref idref="fl-140"/>
      </object_component>
      <object_component id="oc-87">
         <name>.data</name>
         <load_address>0x20002ac0</load_address>
         <run_address>0x20002ac0</run_address>
         <size>0x8</size>
         <input_file_ref idref="fl-13b"/>
      </object_component>
      <object_component id="oc-1f4">
         <name>.data</name>
         <load_address>0x20002acc</load_address>
         <run_address>0x20002acc</run_address>
         <size>0x4</size>
         <input_file_ref idref="fl-9"/>
      </object_component>
      <object_component id="oc-256">
         <name>.data</name>
         <load_address>0x20002aac</load_address>
         <run_address>0x20002aac</run_address>
         <size>0xc</size>
         <input_file_ref idref="fl-13d"/>
      </object_component>
      <object_component id="oc-153">
         <name>.common:g_inBuffer</name>
         <uninitialized>true</uninitialized>
         <run_address>0x20002a80</run_address>
         <size>0x10</size>
      </object_component>
      <object_component id="oc-150">
         <name>.common:g_ulSampCnt</name>
         <uninitialized>true</uninitialized>
         <run_address>0x20002aa0</run_address>
         <size>0x4</size>
      </object_component>
      <object_component id="oc-14f">
         <name>.common:degrees</name>
         <uninitialized>true</uninitialized>
         <run_address>0x20002a98</run_address>
         <size>0x4</size>
      </object_component>
      <object_component id="oc-14e">
         <name>.common:yaw</name>
         <uninitialized>true</uninitialized>
         <run_address>0x20002aa8</run_address>
         <size>0x4</size>
      </object_component>
      <object_component id="oc-14b">
         <name>.common:previous_state</name>
         <uninitialized>true</uninitialized>
         <run_address>0x20002aa4</run_address>
         <size>0x4</size>
      </object_component>
      <object_component id="oc-1e7">
         <name>.common:g_ulSSIFlags</name>
         <uninitialized>true</uninitialized>
         <run_address>0x20002a9c</run_address>
         <size>0x4</size>
      </object_component>
      <object_component id="oc-1e3">
         <name>.common:g_pucBuffer</name>
         <uninitialized>true</uninitialized>
         <run_address>0x20002a90</run_address>
         <size>0x8</size>
      </object_component>
      <object_component id="oc-28">
         <name>.sysmem</name>
         <uninitialized>true</uninitialized>
         <run_address>0x20000270</run_address>
         <size>0x8</size>
         <input_file_ref idref="fl-13d"/>
      </object_component>
      <object_component id="oc-28a">
         <name>.sysmem</name>
         <uninitialized>true</uninitialized>
         <run_address>0x20000270</run_address>
         <size>0x0</size>
      </object_component>
      <object_component id="oc-27">
         <name>.stack</name>
         <uninitialized>true</uninitialized>
         <run_address>0x20002980</run_address>
         <size>0x0</size>
         <input_file_ref idref="fl-137"/>
      </object_component>
      <object_component id="oc-289">
         <name>.stack</name>
         <uninitialized>true</uninitialized>
         <run_address>0x20002980</run_address>
         <size>0x0</size>
      </object_component>
      <object_component id="oc-e">
         <name>.debug_info</name>
         <load_address>0x0</load_address>
         <run_address>0x0</run_address>
         <size>0xeb</size>
         <input_file_ref idref="fl-8"/>
      </object_component>
      <object_component id="oc-11">
         <name>.debug_info</name>
         <load_address>0xeb</load_address>
         <run_address>0xeb</run_address>
         <size>0xf3</size>
         <input_file_ref idref="fl-137"/>
      </object_component>
      <object_component id="oc-16">
         <name>.debug_info</name>
         <load_address>0x1de</load_address>
         <run_address>0x1de</run_address>
         <size>0x194</size>
         <input_file_ref idref="fl-138"/>
      </object_component>
      <object_component id="oc-1d">
         <name>.debug_info</name>
         <load_address>0x372</load_address>
         <run_address>0x372</run_address>
         <size>0x16a</size>
         <input_file_ref idref="fl-13a"/>
      </object_component>
      <object_component id="oc-24">
         <name>.debug_info</name>
         <load_address>0x4dc</load_address>
         <run_address>0x4dc</run_address>
         <size>0x18e</size>
         <input_file_ref idref="fl-139"/>
      </object_component>
      <object_component id="oc-29">
         <name>.debug_info</name>
         <load_address>0x66a</load_address>
         <run_address>0x66a</run_address>
         <size>0xb6</size>
         <input_file_ref idref="fl-13d"/>
      </object_component>
      <object_component id="oc-2c">
         <name>.debug_info</name>
         <load_address>0x720</load_address>
         <run_address>0x720</run_address>
         <size>0x1f6</size>
         <input_file_ref idref="fl-8"/>
      </object_component>
      <object_component id="oc-33">
         <name>.debug_info</name>
         <load_address>0x916</load_address>
         <run_address>0x916</run_address>
         <size>0xff</size>
         <input_file_ref idref="fl-8"/>
      </object_component>
      <object_component id="oc-35">
         <name>.debug_info</name>
         <load_address>0xa15</load_address>
         <run_address>0xa15</run_address>
         <size>0x13d</size>
         <input_file_ref idref="fl-142"/>
      </object_component>
      <object_component id="oc-3a">
         <name>.debug_info</name>
         <load_address>0xb52</load_address>
         <run_address>0xb52</run_address>
         <size>0x11c</size>
         <input_file_ref idref="fl-141"/>
      </object_component>
      <object_component id="oc-40">
         <name>.debug_info</name>
         <load_address>0xc6e</load_address>
         <run_address>0xc6e</run_address>
         <size>0x1c2</size>
         <input_file_ref idref="fl-13b"/>
      </object_component>
      <object_component id="oc-46">
         <name>.debug_info</name>
         <load_address>0xe30</load_address>
         <run_address>0xe30</run_address>
         <size>0xbe</size>
         <input_file_ref idref="fl-13e"/>
      </object_component>
      <object_component id="oc-4a">
         <name>.debug_info</name>
         <load_address>0xeee</load_address>
         <run_address>0xeee</run_address>
         <size>0xcc</size>
         <input_file_ref idref="fl-13c"/>
      </object_component>
      <object_component id="oc-4f">
         <name>.debug_info</name>
         <load_address>0xfba</load_address>
         <run_address>0xfba</run_address>
         <size>0x46</size>
         <input_file_ref idref="fl-138"/>
      </object_component>
      <object_component id="oc-54">
         <name>.debug_info</name>
         <load_address>0x1000</load_address>
         <run_address>0x1000</run_address>
         <size>0xf2</size>
         <input_file_ref idref="fl-138"/>
      </object_component>
      <object_component id="oc-56">
         <name>.debug_info</name>
         <load_address>0x10f2</load_address>
         <run_address>0x10f2</run_address>
         <size>0x46</size>
         <input_file_ref idref="fl-13a"/>
      </object_component>
      <object_component id="oc-5b">
         <name>.debug_info</name>
         <load_address>0x1138</load_address>
         <run_address>0x1138</run_address>
         <size>0xad</size>
         <input_file_ref idref="fl-13a"/>
      </object_component>
      <object_component id="oc-5d">
         <name>.debug_info</name>
         <load_address>0x11e5</load_address>
         <run_address>0x11e5</run_address>
         <size>0x1ef</size>
         <input_file_ref idref="fl-139"/>
      </object_component>
      <object_component id="oc-63">
         <name>.debug_info</name>
         <load_address>0x13d4</load_address>
         <run_address>0x13d4</run_address>
         <size>0xb7</size>
         <input_file_ref idref="fl-139"/>
      </object_component>
      <object_component id="oc-64">
         <name>.debug_info</name>
         <load_address>0x148b</load_address>
         <run_address>0x148b</run_address>
         <size>0x39</size>
         <input_file_ref idref="fl-139"/>
      </object_component>
      <object_component id="oc-6b">
         <name>.debug_info</name>
         <load_address>0x14c4</load_address>
         <run_address>0x14c4</run_address>
         <size>0x1d7</size>
         <input_file_ref idref="fl-13d"/>
      </object_component>
      <object_component id="oc-70">
         <name>.debug_info</name>
         <load_address>0x169b</load_address>
         <run_address>0x169b</run_address>
         <size>0x84</size>
         <input_file_ref idref="fl-2"/>
      </object_component>
      <object_component id="oc-76">
         <name>.debug_info</name>
         <load_address>0x171f</load_address>
         <run_address>0x171f</run_address>
         <size>0x14b</size>
         <input_file_ref idref="fl-143"/>
      </object_component>
      <object_component id="oc-7d">
         <name>.debug_info</name>
         <load_address>0x186a</load_address>
         <run_address>0x186a</run_address>
         <size>0x879</size>
         <input_file_ref idref="fl-2"/>
      </object_component>
      <object_component id="oc-83">
         <name>.debug_info</name>
         <load_address>0x20e3</load_address>
         <run_address>0x20e3</run_address>
         <size>0x11b</size>
         <input_file_ref idref="fl-141"/>
      </object_component>
      <object_component id="oc-85">
         <name>.debug_info</name>
         <load_address>0x21fe</load_address>
         <run_address>0x21fe</run_address>
         <size>0xc8</size>
         <input_file_ref idref="fl-140"/>
      </object_component>
      <object_component id="oc-88">
         <name>.debug_info</name>
         <load_address>0x22c6</load_address>
         <run_address>0x22c6</run_address>
         <size>0xeb</size>
         <input_file_ref idref="fl-13b"/>
      </object_component>
      <object_component id="oc-8b">
         <name>.debug_info</name>
         <load_address>0x23b1</load_address>
         <run_address>0x23b1</run_address>
         <size>0x146</size>
         <input_file_ref idref="fl-13b"/>
      </object_component>
      <object_component id="oc-90">
         <name>.debug_info</name>
         <load_address>0x24f7</load_address>
         <run_address>0x24f7</run_address>
         <size>0x2c</size>
         <input_file_ref idref="fl-138"/>
      </object_component>
      <object_component id="oc-97">
         <name>.debug_info</name>
         <load_address>0x2523</load_address>
         <run_address>0x2523</run_address>
         <size>0x2c</size>
         <input_file_ref idref="fl-9"/>
      </object_component>
      <object_component id="oc-a3">
         <name>.debug_info</name>
         <load_address>0x254f</load_address>
         <run_address>0x254f</run_address>
         <size>0x2c</size>
         <input_file_ref idref="fl-13d"/>
      </object_component>
      <object_component id="oc-a8">
         <name>.debug_info</name>
         <load_address>0x257b</load_address>
         <run_address>0x257b</run_address>
         <size>0x62</size>
         <input_file_ref idref="fl-13d"/>
      </object_component>
      <object_component id="oc-ae">
         <name>.debug_info</name>
         <load_address>0x25dd</load_address>
         <run_address>0x25dd</run_address>
         <size>0x148</size>
         <input_file_ref idref="fl-143"/>
      </object_component>
      <object_component id="oc-b0">
         <name>.debug_info</name>
         <load_address>0x2725</load_address>
         <run_address>0x2725</run_address>
         <size>0x1d7</size>
         <input_file_ref idref="fl-145"/>
      </object_component>
      <object_component id="oc-b6">
         <name>.debug_info</name>
         <load_address>0x28fc</load_address>
         <run_address>0x28fc</run_address>
         <size>0x1d3</size>
         <input_file_ref idref="fl-145"/>
      </object_component>
      <object_component id="oc-bc">
         <name>.debug_info</name>
         <load_address>0x2acf</load_address>
         <run_address>0x2acf</run_address>
         <size>0x1f8</size>
         <input_file_ref idref="fl-144"/>
      </object_component>
      <object_component id="oc-c2">
         <name>.debug_info</name>
         <load_address>0x2cc7</load_address>
         <run_address>0x2cc7</run_address>
         <size>0x247</size>
         <input_file_ref idref="fl-144"/>
      </object_component>
      <object_component id="oc-c8">
         <name>.debug_info</name>
         <load_address>0x2f0e</load_address>
         <run_address>0x2f0e</run_address>
         <size>0x1e8</size>
         <input_file_ref idref="fl-144"/>
      </object_component>
      <object_component id="oc-ce">
         <name>.debug_info</name>
         <load_address>0x30f6</load_address>
         <run_address>0x30f6</run_address>
         <size>0x22e</size>
         <input_file_ref idref="fl-148"/>
      </object_component>
      <object_component id="oc-d4">
         <name>.debug_info</name>
         <load_address>0x3324</load_address>
         <run_address>0x3324</run_address>
         <size>0x207</size>
         <input_file_ref idref="fl-148"/>
      </object_component>
      <object_component id="oc-da">
         <name>.debug_info</name>
         <load_address>0x352b</load_address>
         <run_address>0x352b</run_address>
         <size>0x1bd</size>
         <input_file_ref idref="fl-149"/>
      </object_component>
      <object_component id="oc-e0">
         <name>.debug_info</name>
         <load_address>0x36e8</load_address>
         <run_address>0x36e8</run_address>
         <size>0x1db</size>
         <input_file_ref idref="fl-149"/>
      </object_component>
      <object_component id="oc-e6">
         <name>.debug_info</name>
         <load_address>0x38c3</load_address>
         <run_address>0x38c3</run_address>
         <size>0x18b</size>
         <input_file_ref idref="fl-149"/>
      </object_component>
      <object_component id="oc-ec">
         <name>.debug_info</name>
         <load_address>0x3a4e</load_address>
         <run_address>0x3a4e</run_address>
         <size>0x185</size>
         <input_file_ref idref="fl-149"/>
      </object_component>
      <object_component id="oc-f2">
         <name>.debug_info</name>
         <load_address>0x3bd3</load_address>
         <run_address>0x3bd3</run_address>
         <size>0x1d9</size>
         <input_file_ref idref="fl-148"/>
      </object_component>
      <object_component id="oc-f8">
         <name>.debug_info</name>
         <load_address>0x3dac</load_address>
         <run_address>0x3dac</run_address>
         <size>0x26a</size>
         <input_file_ref idref="fl-144"/>
      </object_component>
      <object_component id="oc-fe">
         <name>.debug_info</name>
         <load_address>0x4016</load_address>
         <run_address>0x4016</run_address>
         <size>0x29d</size>
         <input_file_ref idref="fl-144"/>
      </object_component>
      <object_component id="oc-104">
         <name>.debug_info</name>
         <load_address>0x42b3</load_address>
         <run_address>0x42b3</run_address>
         <size>0x1f4</size>
         <input_file_ref idref="fl-144"/>
      </object_component>
      <object_component id="oc-10a">
         <name>.debug_info</name>
         <load_address>0x44a7</load_address>
         <run_address>0x44a7</run_address>
         <size>0x25a</size>
         <input_file_ref idref="fl-144"/>
      </object_component>
      <object_component id="oc-110">
         <name>.debug_info</name>
         <load_address>0x4701</load_address>
         <run_address>0x4701</run_address>
         <size>0x1e7</size>
         <input_file_ref idref="fl-144"/>
      </object_component>
      <object_component id="oc-116">
         <name>.debug_info</name>
         <load_address>0x48e8</load_address>
         <run_address>0x48e8</run_address>
         <size>0x234</size>
         <input_file_ref idref="fl-145"/>
      </object_component>
      <object_component id="oc-11c">
         <name>.debug_info</name>
         <load_address>0x4b1c</load_address>
         <run_address>0x4b1c</run_address>
         <size>0x249</size>
         <input_file_ref idref="fl-145"/>
      </object_component>
      <object_component id="oc-122">
         <name>.debug_info</name>
         <load_address>0x4d65</load_address>
         <run_address>0x4d65</run_address>
         <size>0x20b</size>
         <input_file_ref idref="fl-145"/>
      </object_component>
      <object_component id="oc-128">
         <name>.debug_info</name>
         <load_address>0x4f70</load_address>
         <run_address>0x4f70</run_address>
         <size>0x1d9</size>
         <input_file_ref idref="fl-145"/>
      </object_component>
      <object_component id="oc-12e">
         <name>.debug_info</name>
         <load_address>0x5149</load_address>
         <run_address>0x5149</run_address>
         <size>0x1c4</size>
         <input_file_ref idref="fl-146"/>
      </object_component>
      <object_component id="oc-134">
         <name>.debug_info</name>
         <load_address>0x530d</load_address>
         <run_address>0x530d</run_address>
         <size>0x10c9</size>
         <input_file_ref idref="fl-7"/>
      </object_component>
      <object_component id="oc-13a">
         <name>.debug_info</name>
         <load_address>0x63d6</load_address>
         <run_address>0x63d6</run_address>
         <size>0x1394</size>
         <input_file_ref idref="fl-9"/>
      </object_component>
      <object_component id="oc-140">
         <name>.debug_info</name>
         <load_address>0x776a</load_address>
         <run_address>0x776a</run_address>
         <size>0x32e</size>
         <input_file_ref idref="fl-5"/>
      </object_component>
      <object_component id="oc-146">
         <name>.debug_info</name>
         <load_address>0x7a98</load_address>
         <run_address>0x7a98</run_address>
         <size>0x1a2</size>
         <input_file_ref idref="fl-146"/>
      </object_component>
      <object_component id="oc-14c">
         <name>.debug_info</name>
         <load_address>0x7c3a</load_address>
         <run_address>0x7c3a</run_address>
         <size>0x7a6</size>
         <input_file_ref idref="fl-2"/>
      </object_component>
      <object_component id="oc-157">
         <name>.debug_info</name>
         <load_address>0x83e0</load_address>
         <run_address>0x83e0</run_address>
         <size>0x5e</size>
         <input_file_ref idref="fl-141"/>
      </object_component>
      <object_component id="oc-15d">
         <name>.debug_info</name>
         <load_address>0x843e</load_address>
         <run_address>0x843e</run_address>
         <size>0x1d4</size>
         <input_file_ref idref="fl-140"/>
      </object_component>
      <object_component id="oc-164">
         <name>.debug_info</name>
         <load_address>0x8612</load_address>
         <run_address>0x8612</run_address>
         <size>0xd9</size>
         <input_file_ref idref="fl-140"/>
      </object_component>
      <object_component id="oc-16c">
         <name>.debug_info</name>
         <load_address>0x86eb</load_address>
         <run_address>0x86eb</run_address>
         <size>0xcd</size>
         <input_file_ref idref="fl-143"/>
      </object_component>
      <object_component id="oc-172">
         <name>.debug_info</name>
         <load_address>0x87b8</load_address>
         <run_address>0x87b8</run_address>
         <size>0x1b5</size>
         <input_file_ref idref="fl-145"/>
      </object_component>
      <object_component id="oc-175">
         <name>.debug_info</name>
         <load_address>0x896d</load_address>
         <run_address>0x896d</run_address>
         <size>0x1e4</size>
         <input_file_ref idref="fl-144"/>
      </object_component>
      <object_component id="oc-17b">
         <name>.debug_info</name>
         <load_address>0x8b51</load_address>
         <run_address>0x8b51</run_address>
         <size>0x2aa</size>
         <input_file_ref idref="fl-148"/>
      </object_component>
      <object_component id="oc-17e">
         <name>.debug_info</name>
         <load_address>0x8dfb</load_address>
         <run_address>0x8dfb</run_address>
         <size>0xfd</size>
         <input_file_ref idref="fl-148"/>
      </object_component>
      <object_component id="oc-182">
         <name>.debug_info</name>
         <load_address>0x8ef8</load_address>
         <run_address>0x8ef8</run_address>
         <size>0x14b</size>
         <input_file_ref idref="fl-149"/>
      </object_component>
      <object_component id="oc-184">
         <name>.debug_info</name>
         <load_address>0x9043</load_address>
         <run_address>0x9043</run_address>
         <size>0x219</size>
         <input_file_ref idref="fl-146"/>
      </object_component>
      <object_component id="oc-18d">
         <name>.debug_info</name>
         <load_address>0x925c</load_address>
         <run_address>0x925c</run_address>
         <size>0x1a7</size>
         <input_file_ref idref="fl-148"/>
      </object_component>
      <object_component id="oc-196">
         <name>.debug_info</name>
         <load_address>0x9403</load_address>
         <run_address>0x9403</run_address>
         <size>0x21a</size>
         <input_file_ref idref="fl-145"/>
      </object_component>
      <object_component id="oc-1a0">
         <name>.debug_info</name>
         <load_address>0x961d</load_address>
         <run_address>0x961d</run_address>
         <size>0x1ac</size>
         <input_file_ref idref="fl-146"/>
      </object_component>
      <object_component id="oc-1a3">
         <name>.debug_info</name>
         <load_address>0x97c9</load_address>
         <run_address>0x97c9</run_address>
         <size>0x1bc</size>
         <input_file_ref idref="fl-146"/>
      </object_component>
      <object_component id="oc-1a5">
         <name>.debug_info</name>
         <load_address>0x9985</load_address>
         <run_address>0x9985</run_address>
         <size>0x19e</size>
         <input_file_ref idref="fl-147"/>
      </object_component>
      <object_component id="oc-1ab">
         <name>.debug_info</name>
         <load_address>0x9b23</load_address>
         <run_address>0x9b23</run_address>
         <size>0x1f7</size>
         <input_file_ref idref="fl-145"/>
      </object_component>
      <object_component id="oc-1b1">
         <name>.debug_info</name>
         <load_address>0x9d1a</load_address>
         <run_address>0x9d1a</run_address>
         <size>0x1ca</size>
         <input_file_ref idref="fl-147"/>
      </object_component>
      <object_component id="oc-1b7">
         <name>.debug_info</name>
         <load_address>0x9ee4</load_address>
         <run_address>0x9ee4</run_address>
         <size>0x43f</size>
         <input_file_ref idref="fl-7"/>
      </object_component>
      <object_component id="oc-1ba">
         <name>.debug_info</name>
         <load_address>0xa323</load_address>
         <run_address>0xa323</run_address>
         <size>0x1a0</size>
         <input_file_ref idref="fl-147"/>
      </object_component>
      <object_component id="oc-1c0">
         <name>.debug_info</name>
         <load_address>0xa4c3</load_address>
         <run_address>0xa4c3</run_address>
         <size>0x300</size>
         <input_file_ref idref="fl-147"/>
      </object_component>
      <object_component id="oc-1c6">
         <name>.debug_info</name>
         <load_address>0xa7c3</load_address>
         <run_address>0xa7c3</run_address>
         <size>0x201</size>
         <input_file_ref idref="fl-145"/>
      </object_component>
      <object_component id="oc-1cc">
         <name>.debug_info</name>
         <load_address>0xa9c4</load_address>
         <run_address>0xa9c4</run_address>
         <size>0x19e</size>
         <input_file_ref idref="fl-147"/>
      </object_component>
      <object_component id="oc-1d2">
         <name>.debug_info</name>
         <load_address>0xab62</load_address>
         <run_address>0xab62</run_address>
         <size>0x1ee</size>
         <input_file_ref idref="fl-147"/>
      </object_component>
      <object_component id="oc-1d8">
         <name>.debug_info</name>
         <load_address>0xad50</load_address>
         <run_address>0xad50</run_address>
         <size>0x20f</size>
         <input_file_ref idref="fl-145"/>
      </object_component>
      <object_component id="oc-1e0">
         <name>.debug_info</name>
         <load_address>0xaf5f</load_address>
         <run_address>0xaf5f</run_address>
         <size>0x18b</size>
         <input_file_ref idref="fl-7"/>
      </object_component>
      <object_component id="oc-1e5">
         <name>.debug_info</name>
         <load_address>0xb0ea</load_address>
         <run_address>0xb0ea</run_address>
         <size>0x11d</size>
         <input_file_ref idref="fl-7"/>
      </object_component>
      <object_component id="oc-1e9">
         <name>.debug_info</name>
         <load_address>0xb207</load_address>
         <run_address>0xb207</run_address>
         <size>0x133</size>
         <input_file_ref idref="fl-7"/>
      </object_component>
      <object_component id="oc-1ed">
         <name>.debug_info</name>
         <load_address>0xb33a</load_address>
         <run_address>0xb33a</run_address>
         <size>0x137</size>
         <input_file_ref idref="fl-13f"/>
      </object_component>
      <object_component id="oc-1f2">
         <name>.debug_info</name>
         <load_address>0xb471</load_address>
         <run_address>0xb471</run_address>
         <size>0x12f</size>
         <input_file_ref idref="fl-9"/>
      </object_component>
      <object_component id="oc-1f5">
         <name>.debug_info</name>
         <load_address>0xb5a0</load_address>
         <run_address>0xb5a0</run_address>
         <size>0x10f</size>
         <input_file_ref idref="fl-9"/>
      </object_component>
      <object_component id="oc-1f8">
         <name>.debug_info</name>
         <load_address>0xb6af</load_address>
         <run_address>0xb6af</run_address>
         <size>0x11d</size>
         <input_file_ref idref="fl-9"/>
      </object_component>
      <object_component id="oc-1f9">
         <name>.debug_info</name>
         <load_address>0xb7cc</load_address>
         <run_address>0xb7cc</run_address>
         <size>0x4e</size>
         <input_file_ref idref="fl-2"/>
      </object_component>
      <object_component id="oc-1fe">
         <name>.debug_info</name>
         <load_address>0xb81a</load_address>
         <run_address>0xb81a</run_address>
         <size>0xc2</size>
         <input_file_ref idref="fl-2"/>
      </object_component>
      <object_component id="oc-204">
         <name>.debug_info</name>
         <load_address>0xb8dc</load_address>
         <run_address>0xb8dc</run_address>
         <size>0x855</size>
         <input_file_ref idref="fl-13d"/>
      </object_component>
      <object_component id="oc-20a">
         <name>.debug_info</name>
         <load_address>0xc131</load_address>
         <run_address>0xc131</run_address>
         <size>0x13f</size>
         <input_file_ref idref="fl-5"/>
      </object_component>
      <object_component id="oc-20c">
         <name>.debug_info</name>
         <load_address>0xc270</load_address>
         <run_address>0xc270</run_address>
         <size>0x176</size>
         <input_file_ref idref="fl-14a"/>
      </object_component>
      <object_component id="oc-212">
         <name>.debug_info</name>
         <load_address>0xc3e6</load_address>
         <run_address>0xc3e6</run_address>
         <size>0x2c</size>
         <input_file_ref idref="fl-2"/>
      </object_component>
      <object_component id="oc-219">
         <name>.debug_info</name>
         <load_address>0xc412</load_address>
         <run_address>0xc412</run_address>
         <size>0x86</size>
         <input_file_ref idref="fl-2"/>
      </object_component>
      <object_component id="oc-22c">
         <name>.debug_info</name>
         <load_address>0xc498</load_address>
         <run_address>0xc498</run_address>
         <size>0x10b</size>
         <input_file_ref idref="fl-146"/>
      </object_component>
      <object_component id="oc-237">
         <name>.debug_info</name>
         <load_address>0xc5a3</load_address>
         <run_address>0xc5a3</run_address>
         <size>0x1bf</size>
         <input_file_ref idref="fl-147"/>
      </object_component>
      <object_component id="oc-23f">
         <name>.debug_info</name>
         <load_address>0xc762</load_address>
         <run_address>0xc762</run_address>
         <size>0x203</size>
         <input_file_ref idref="fl-145"/>
      </object_component>
      <object_component id="oc-257">
         <name>.debug_info</name>
         <load_address>0xc965</load_address>
         <run_address>0xc965</run_address>
         <size>0x101</size>
         <input_file_ref idref="fl-13d"/>
      </object_component>
      <object_component id="oc-25c">
         <name>.debug_info</name>
         <load_address>0xca66</load_address>
         <run_address>0xca66</run_address>
         <size>0x110</size>
         <input_file_ref idref="fl-5"/>
      </object_component>
      <object_component id="oc-28b">
         <name>.debug_info</name>
         <load_address>0xcb76</load_address>
         <run_address>0xcb76</run_address>
         <size>0xb2</size>
      </object_component>
      <object_component id="oc-f">
         <name>.debug_pubnames</name>
         <load_address>0x0</load_address>
         <run_address>0x0</run_address>
         <size>0x23</size>
         <input_file_ref idref="fl-8"/>
      </object_component>
      <object_component id="oc-12">
         <name>.debug_pubnames</name>
         <load_address>0x23</load_address>
         <run_address>0x23</run_address>
         <size>0x1f</size>
         <input_file_ref idref="fl-137"/>
      </object_component>
      <object_component id="oc-18">
         <name>.debug_pubnames</name>
         <load_address>0x42</load_address>
         <run_address>0x42</run_address>
         <size>0x2b</size>
         <input_file_ref idref="fl-138"/>
      </object_component>
      <object_component id="oc-1f">
         <name>.debug_pubnames</name>
         <load_address>0x6d</load_address>
         <run_address>0x6d</run_address>
         <size>0x25</size>
         <input_file_ref idref="fl-13a"/>
      </object_component>
      <object_component id="oc-25">
         <name>.debug_pubnames</name>
         <load_address>0x92</load_address>
         <run_address>0x92</run_address>
         <size>0x2c</size>
         <input_file_ref idref="fl-139"/>
      </object_component>
      <object_component id="oc-2a">
         <name>.debug_pubnames</name>
         <load_address>0xbe</load_address>
         <run_address>0xbe</run_address>
         <size>0x22</size>
         <input_file_ref idref="fl-13d"/>
      </object_component>
      <object_component id="oc-2e">
         <name>.debug_pubnames</name>
         <load_address>0xe0</load_address>
         <run_address>0xe0</run_address>
         <size>0x4c</size>
         <input_file_ref idref="fl-8"/>
      </object_component>
      <object_component id="oc-37">
         <name>.debug_pubnames</name>
         <load_address>0x12c</load_address>
         <run_address>0x12c</run_address>
         <size>0x37</size>
         <input_file_ref idref="fl-142"/>
      </object_component>
      <object_component id="oc-3c">
         <name>.debug_pubnames</name>
         <load_address>0x163</load_address>
         <run_address>0x163</run_address>
         <size>0x21</size>
         <input_file_ref idref="fl-141"/>
      </object_component>
      <object_component id="oc-42">
         <name>.debug_pubnames</name>
         <load_address>0x184</load_address>
         <run_address>0x184</run_address>
         <size>0x35</size>
         <input_file_ref idref="fl-13b"/>
      </object_component>
      <object_component id="oc-47">
         <name>.debug_pubnames</name>
         <load_address>0x1b9</load_address>
         <run_address>0x1b9</run_address>
         <size>0x23</size>
         <input_file_ref idref="fl-13e"/>
      </object_component>
      <object_component id="oc-4c">
         <name>.debug_pubnames</name>
         <load_address>0x1dc</load_address>
         <run_address>0x1dc</run_address>
         <size>0x1d</size>
         <input_file_ref idref="fl-13c"/>
      </object_component>
      <object_component id="oc-5e">
         <name>.debug_pubnames</name>
         <load_address>0x1f9</load_address>
         <run_address>0x1f9</run_address>
         <size>0x2f</size>
         <input_file_ref idref="fl-139"/>
      </object_component>
      <object_component id="oc-78">
         <name>.debug_pubnames</name>
         <load_address>0x228</load_address>
         <run_address>0x228</run_address>
         <size>0x1e</size>
         <input_file_ref idref="fl-143"/>
      </object_component>
      <object_component id="oc-7f">
         <name>.debug_pubnames</name>
         <load_address>0x246</load_address>
         <run_address>0x246</run_address>
         <size>0x9d</size>
         <input_file_ref idref="fl-2"/>
      </object_component>
      <object_component id="oc-86">
         <name>.debug_pubnames</name>
         <load_address>0x2e3</load_address>
         <run_address>0x2e3</run_address>
         <size>0x28</size>
         <input_file_ref idref="fl-140"/>
      </object_component>
      <object_component id="oc-89">
         <name>.debug_pubnames</name>
         <load_address>0x30b</load_address>
         <run_address>0x30b</run_address>
         <size>0x3a</size>
         <input_file_ref idref="fl-13b"/>
      </object_component>
      <object_component id="oc-b2">
         <name>.debug_pubnames</name>
         <load_address>0x345</load_address>
         <run_address>0x345</run_address>
         <size>0x26</size>
         <input_file_ref idref="fl-145"/>
      </object_component>
      <object_component id="oc-b8">
         <name>.debug_pubnames</name>
         <load_address>0x36b</load_address>
         <run_address>0x36b</run_address>
         <size>0x22</size>
         <input_file_ref idref="fl-145"/>
      </object_component>
      <object_component id="oc-be">
         <name>.debug_pubnames</name>
         <load_address>0x38d</load_address>
         <run_address>0x38d</run_address>
         <size>0x2a</size>
         <input_file_ref idref="fl-144"/>
      </object_component>
      <object_component id="oc-c4">
         <name>.debug_pubnames</name>
         <load_address>0x3b7</load_address>
         <run_address>0x3b7</run_address>
         <size>0x29</size>
         <input_file_ref idref="fl-144"/>
      </object_component>
      <object_component id="oc-ca">
         <name>.debug_pubnames</name>
         <load_address>0x3e0</load_address>
         <run_address>0x3e0</run_address>
         <size>0x22</size>
         <input_file_ref idref="fl-144"/>
      </object_component>
      <object_component id="oc-d0">
         <name>.debug_pubnames</name>
         <load_address>0x402</load_address>
         <run_address>0x402</run_address>
         <size>0x25</size>
         <input_file_ref idref="fl-148"/>
      </object_component>
      <object_component id="oc-d6">
         <name>.debug_pubnames</name>
         <load_address>0x427</load_address>
         <run_address>0x427</run_address>
         <size>0x25</size>
         <input_file_ref idref="fl-148"/>
      </object_component>
      <object_component id="oc-dc">
         <name>.debug_pubnames</name>
         <load_address>0x44c</load_address>
         <run_address>0x44c</run_address>
         <size>0x27</size>
         <input_file_ref idref="fl-149"/>
      </object_component>
      <object_component id="oc-e2">
         <name>.debug_pubnames</name>
         <load_address>0x473</load_address>
         <run_address>0x473</run_address>
         <size>0x29</size>
         <input_file_ref idref="fl-149"/>
      </object_component>
      <object_component id="oc-e8">
         <name>.debug_pubnames</name>
         <load_address>0x49c</load_address>
         <run_address>0x49c</run_address>
         <size>0x27</size>
         <input_file_ref idref="fl-149"/>
      </object_component>
      <object_component id="oc-ee">
         <name>.debug_pubnames</name>
         <load_address>0x4c3</load_address>
         <run_address>0x4c3</run_address>
         <size>0x24</size>
         <input_file_ref idref="fl-149"/>
      </object_component>
      <object_component id="oc-f4">
         <name>.debug_pubnames</name>
         <load_address>0x4e7</load_address>
         <run_address>0x4e7</run_address>
         <size>0x2d</size>
         <input_file_ref idref="fl-148"/>
      </object_component>
      <object_component id="oc-fa">
         <name>.debug_pubnames</name>
         <load_address>0x514</load_address>
         <run_address>0x514</run_address>
         <size>0x2b</size>
         <input_file_ref idref="fl-144"/>
      </object_component>
      <object_component id="oc-100">
         <name>.debug_pubnames</name>
         <load_address>0x53f</load_address>
         <run_address>0x53f</run_address>
         <size>0x2f</size>
         <input_file_ref idref="fl-144"/>
      </object_component>
      <object_component id="oc-106">
         <name>.debug_pubnames</name>
         <load_address>0x56e</load_address>
         <run_address>0x56e</run_address>
         <size>0x28</size>
         <input_file_ref idref="fl-144"/>
      </object_component>
      <object_component id="oc-10c">
         <name>.debug_pubnames</name>
         <load_address>0x596</load_address>
         <run_address>0x596</run_address>
         <size>0x25</size>
         <input_file_ref idref="fl-144"/>
      </object_component>
      <object_component id="oc-112">
         <name>.debug_pubnames</name>
         <load_address>0x5bb</load_address>
         <run_address>0x5bb</run_address>
         <size>0x23</size>
         <input_file_ref idref="fl-144"/>
      </object_component>
      <object_component id="oc-118">
         <name>.debug_pubnames</name>
         <load_address>0x5de</load_address>
         <run_address>0x5de</run_address>
         <size>0x2a</size>
         <input_file_ref idref="fl-145"/>
      </object_component>
      <object_component id="oc-11e">
         <name>.debug_pubnames</name>
         <load_address>0x608</load_address>
         <run_address>0x608</run_address>
         <size>0x27</size>
         <input_file_ref idref="fl-145"/>
      </object_component>
      <object_component id="oc-124">
         <name>.debug_pubnames</name>
         <load_address>0x62f</load_address>
         <run_address>0x62f</run_address>
         <size>0x25</size>
         <input_file_ref idref="fl-145"/>
      </object_component>
      <object_component id="oc-12a">
         <name>.debug_pubnames</name>
         <load_address>0x654</load_address>
         <run_address>0x654</run_address>
         <size>0x27</size>
         <input_file_ref idref="fl-145"/>
      </object_component>
      <object_component id="oc-130">
         <name>.debug_pubnames</name>
         <load_address>0x67b</load_address>
         <run_address>0x67b</run_address>
         <size>0x20</size>
         <input_file_ref idref="fl-146"/>
      </object_component>
      <object_component id="oc-136">
         <name>.debug_pubnames</name>
         <load_address>0x69b</load_address>
         <run_address>0x69b</run_address>
         <size>0xf3</size>
         <input_file_ref idref="fl-7"/>
      </object_component>
      <object_component id="oc-13c">
         <name>.debug_pubnames</name>
         <load_address>0x78e</load_address>
         <run_address>0x78e</run_address>
         <size>0xe2</size>
         <input_file_ref idref="fl-9"/>
      </object_component>
      <object_component id="oc-142">
         <name>.debug_pubnames</name>
         <load_address>0x870</load_address>
         <run_address>0x870</run_address>
         <size>0x53</size>
         <input_file_ref idref="fl-5"/>
      </object_component>
      <object_component id="oc-148">
         <name>.debug_pubnames</name>
         <load_address>0x8c3</load_address>
         <run_address>0x8c3</run_address>
         <size>0x26</size>
         <input_file_ref idref="fl-146"/>
      </object_component>
      <object_component id="oc-14d">
         <name>.debug_pubnames</name>
         <load_address>0x8e9</load_address>
         <run_address>0x8e9</run_address>
         <size>0x58</size>
         <input_file_ref idref="fl-2"/>
      </object_component>
      <object_component id="oc-15f">
         <name>.debug_pubnames</name>
         <load_address>0x941</load_address>
         <run_address>0x941</run_address>
         <size>0x43</size>
         <input_file_ref idref="fl-140"/>
      </object_component>
      <object_component id="oc-176">
         <name>.debug_pubnames</name>
         <load_address>0x984</load_address>
         <run_address>0x984</run_address>
         <size>0x2c</size>
         <input_file_ref idref="fl-144"/>
      </object_component>
      <object_component id="oc-17c">
         <name>.debug_pubnames</name>
         <load_address>0x9b0</load_address>
         <run_address>0x9b0</run_address>
         <size>0x45</size>
         <input_file_ref idref="fl-148"/>
      </object_component>
      <object_component id="oc-17f">
         <name>.debug_pubnames</name>
         <load_address>0x9f5</load_address>
         <run_address>0x9f5</run_address>
         <size>0x21</size>
         <input_file_ref idref="fl-148"/>
      </object_component>
      <object_component id="oc-186">
         <name>.debug_pubnames</name>
         <load_address>0xa16</load_address>
         <run_address>0xa16</run_address>
         <size>0x22</size>
         <input_file_ref idref="fl-146"/>
      </object_component>
      <object_component id="oc-18e">
         <name>.debug_pubnames</name>
         <load_address>0xa38</load_address>
         <run_address>0xa38</run_address>
         <size>0x6a</size>
         <input_file_ref idref="fl-148"/>
      </object_component>
      <object_component id="oc-198">
         <name>.debug_pubnames</name>
         <load_address>0xaa2</load_address>
         <run_address>0xaa2</run_address>
         <size>0x27</size>
         <input_file_ref idref="fl-145"/>
      </object_component>
      <object_component id="oc-1a1">
         <name>.debug_pubnames</name>
         <load_address>0xac9</load_address>
         <run_address>0xac9</run_address>
         <size>0x6b</size>
         <input_file_ref idref="fl-146"/>
      </object_component>
      <object_component id="oc-1a7">
         <name>.debug_pubnames</name>
         <load_address>0xb34</load_address>
         <run_address>0xb34</run_address>
         <size>0x1e</size>
         <input_file_ref idref="fl-147"/>
      </object_component>
      <object_component id="oc-1ad">
         <name>.debug_pubnames</name>
         <load_address>0xb52</load_address>
         <run_address>0xb52</run_address>
         <size>0x23</size>
         <input_file_ref idref="fl-145"/>
      </object_component>
      <object_component id="oc-1b3">
         <name>.debug_pubnames</name>
         <load_address>0xb75</load_address>
         <run_address>0xb75</run_address>
         <size>0x21</size>
         <input_file_ref idref="fl-147"/>
      </object_component>
      <object_component id="oc-1b8">
         <name>.debug_pubnames</name>
         <load_address>0xb96</load_address>
         <run_address>0xb96</run_address>
         <size>0x33</size>
         <input_file_ref idref="fl-7"/>
      </object_component>
      <object_component id="oc-1bc">
         <name>.debug_pubnames</name>
         <load_address>0xbc9</load_address>
         <run_address>0xbc9</run_address>
         <size>0x21</size>
         <input_file_ref idref="fl-147"/>
      </object_component>
      <object_component id="oc-1c2">
         <name>.debug_pubnames</name>
         <load_address>0xbea</load_address>
         <run_address>0xbea</run_address>
         <size>0x29</size>
         <input_file_ref idref="fl-147"/>
      </object_component>
      <object_component id="oc-1c8">
         <name>.debug_pubnames</name>
         <load_address>0xc13</load_address>
         <run_address>0xc13</run_address>
         <size>0x25</size>
         <input_file_ref idref="fl-145"/>
      </object_component>
      <object_component id="oc-1ce">
         <name>.debug_pubnames</name>
         <load_address>0xc38</load_address>
         <run_address>0xc38</run_address>
         <size>0x20</size>
         <input_file_ref idref="fl-147"/>
      </object_component>
      <object_component id="oc-1d4">
         <name>.debug_pubnames</name>
         <load_address>0xc58</load_address>
         <run_address>0xc58</run_address>
         <size>0x2c</size>
         <input_file_ref idref="fl-147"/>
      </object_component>
      <object_component id="oc-1da">
         <name>.debug_pubnames</name>
         <load_address>0xc84</load_address>
         <run_address>0xc84</run_address>
         <size>0x2c</size>
         <input_file_ref idref="fl-145"/>
      </object_component>
      <object_component id="oc-1e1">
         <name>.debug_pubnames</name>
         <load_address>0xcb0</load_address>
         <run_address>0xcb0</run_address>
         <size>0x54</size>
         <input_file_ref idref="fl-7"/>
      </object_component>
      <object_component id="oc-1e6">
         <name>.debug_pubnames</name>
         <load_address>0xd04</load_address>
         <run_address>0xd04</run_address>
         <size>0x20</size>
         <input_file_ref idref="fl-7"/>
      </object_component>
      <object_component id="oc-1ea">
         <name>.debug_pubnames</name>
         <load_address>0xd24</load_address>
         <run_address>0xd24</run_address>
         <size>0x2b</size>
         <input_file_ref idref="fl-7"/>
      </object_component>
      <object_component id="oc-1ef">
         <name>.debug_pubnames</name>
         <load_address>0xd4f</load_address>
         <run_address>0xd4f</run_address>
         <size>0x39</size>
         <input_file_ref idref="fl-13f"/>
      </object_component>
      <object_component id="oc-1f3">
         <name>.debug_pubnames</name>
         <load_address>0xd88</load_address>
         <run_address>0xd88</run_address>
         <size>0x32</size>
         <input_file_ref idref="fl-9"/>
      </object_component>
      <object_component id="oc-1f6">
         <name>.debug_pubnames</name>
         <load_address>0xdba</load_address>
         <run_address>0xdba</run_address>
         <size>0x25</size>
         <input_file_ref idref="fl-9"/>
      </object_component>
      <object_component id="oc-206">
         <name>.debug_pubnames</name>
         <load_address>0xddf</load_address>
         <run_address>0xddf</run_address>
         <size>0x6c</size>
         <input_file_ref idref="fl-13d"/>
      </object_component>
      <object_component id="oc-20e">
         <name>.debug_pubnames</name>
         <load_address>0xe4b</load_address>
         <run_address>0xe4b</run_address>
         <size>0x1f</size>
         <input_file_ref idref="fl-14a"/>
      </object_component>
      <object_component id="oc-22d">
         <name>.debug_pubnames</name>
         <load_address>0xe6a</load_address>
         <run_address>0xe6a</run_address>
         <size>0x26</size>
         <input_file_ref idref="fl-146"/>
      </object_component>
      <object_component id="oc-241">
         <name>.debug_pubnames</name>
         <load_address>0xe90</load_address>
         <run_address>0xe90</run_address>
         <size>0x25</size>
         <input_file_ref idref="fl-145"/>
      </object_component>
      <object_component id="oc-258">
         <name>.debug_pubnames</name>
         <load_address>0xeb5</load_address>
         <run_address>0xeb5</run_address>
         <size>0x42</size>
         <input_file_ref idref="fl-13d"/>
      </object_component>
      <object_component id="oc-13">
         <name>.debug_aranges</name>
         <load_address>0x0</load_address>
         <run_address>0x0</run_address>
         <size>0x20</size>
         <input_file_ref idref="fl-137"/>
      </object_component>
      <object_component id="oc-17">
         <name>.debug_aranges</name>
         <load_address>0x20</load_address>
         <run_address>0x20</run_address>
         <size>0x20</size>
         <input_file_ref idref="fl-138"/>
      </object_component>
      <object_component id="oc-1e">
         <name>.debug_aranges</name>
         <load_address>0x40</load_address>
         <run_address>0x40</run_address>
         <size>0x20</size>
         <input_file_ref idref="fl-13a"/>
      </object_component>
      <object_component id="oc-26">
         <name>.debug_aranges</name>
         <load_address>0x60</load_address>
         <run_address>0x60</run_address>
         <size>0x20</size>
         <input_file_ref idref="fl-139"/>
      </object_component>
      <object_component id="oc-2d">
         <name>.debug_aranges</name>
         <load_address>0x80</load_address>
         <run_address>0x80</run_address>
         <size>0x38</size>
         <input_file_ref idref="fl-8"/>
      </object_component>
      <object_component id="oc-36">
         <name>.debug_aranges</name>
         <load_address>0xb8</load_address>
         <run_address>0xb8</run_address>
         <size>0x28</size>
         <input_file_ref idref="fl-142"/>
      </object_component>
      <object_component id="oc-3b">
         <name>.debug_aranges</name>
         <load_address>0xe0</load_address>
         <run_address>0xe0</run_address>
         <size>0x20</size>
         <input_file_ref idref="fl-141"/>
      </object_component>
      <object_component id="oc-41">
         <name>.debug_aranges</name>
         <load_address>0x100</load_address>
         <run_address>0x100</run_address>
         <size>0x30</size>
         <input_file_ref idref="fl-13b"/>
      </object_component>
      <object_component id="oc-4b">
         <name>.debug_aranges</name>
         <load_address>0x130</load_address>
         <run_address>0x130</run_address>
         <size>0x20</size>
         <input_file_ref idref="fl-13c"/>
      </object_component>
      <object_component id="oc-5f">
         <name>.debug_aranges</name>
         <load_address>0x150</load_address>
         <run_address>0x150</run_address>
         <size>0x20</size>
         <input_file_ref idref="fl-139"/>
      </object_component>
      <object_component id="oc-77">
         <name>.debug_aranges</name>
         <load_address>0x170</load_address>
         <run_address>0x170</run_address>
         <size>0x20</size>
         <input_file_ref idref="fl-143"/>
      </object_component>
      <object_component id="oc-7e">
         <name>.debug_aranges</name>
         <load_address>0x190</load_address>
         <run_address>0x190</run_address>
         <size>0x60</size>
         <input_file_ref idref="fl-2"/>
      </object_component>
      <object_component id="oc-b1">
         <name>.debug_aranges</name>
         <load_address>0x1f0</load_address>
         <run_address>0x1f0</run_address>
         <size>0x20</size>
         <input_file_ref idref="fl-145"/>
      </object_component>
      <object_component id="oc-b7">
         <name>.debug_aranges</name>
         <load_address>0x210</load_address>
         <run_address>0x210</run_address>
         <size>0x20</size>
         <input_file_ref idref="fl-145"/>
      </object_component>
      <object_component id="oc-bd">
         <name>.debug_aranges</name>
         <load_address>0x230</load_address>
         <run_address>0x230</run_address>
         <size>0x20</size>
         <input_file_ref idref="fl-144"/>
      </object_component>
      <object_component id="oc-c3">
         <name>.debug_aranges</name>
         <load_address>0x250</load_address>
         <run_address>0x250</run_address>
         <size>0x20</size>
         <input_file_ref idref="fl-144"/>
      </object_component>
      <object_component id="oc-c9">
         <name>.debug_aranges</name>
         <load_address>0x270</load_address>
         <run_address>0x270</run_address>
         <size>0x20</size>
         <input_file_ref idref="fl-144"/>
      </object_component>
      <object_component id="oc-cf">
         <name>.debug_aranges</name>
         <load_address>0x290</load_address>
         <run_address>0x290</run_address>
         <size>0x20</size>
         <input_file_ref idref="fl-148"/>
      </object_component>
      <object_component id="oc-d5">
         <name>.debug_aranges</name>
         <load_address>0x2b0</load_address>
         <run_address>0x2b0</run_address>
         <size>0x20</size>
         <input_file_ref idref="fl-148"/>
      </object_component>
      <object_component id="oc-db">
         <name>.debug_aranges</name>
         <load_address>0x2d0</load_address>
         <run_address>0x2d0</run_address>
         <size>0x20</size>
         <input_file_ref idref="fl-149"/>
      </object_component>
      <object_component id="oc-e1">
         <name>.debug_aranges</name>
         <load_address>0x2f0</load_address>
         <run_address>0x2f0</run_address>
         <size>0x20</size>
         <input_file_ref idref="fl-149"/>
      </object_component>
      <object_component id="oc-e7">
         <name>.debug_aranges</name>
         <load_address>0x310</load_address>
         <run_address>0x310</run_address>
         <size>0x20</size>
         <input_file_ref idref="fl-149"/>
      </object_component>
      <object_component id="oc-ed">
         <name>.debug_aranges</name>
         <load_address>0x330</load_address>
         <run_address>0x330</run_address>
         <size>0x20</size>
         <input_file_ref idref="fl-149"/>
      </object_component>
      <object_component id="oc-f3">
         <name>.debug_aranges</name>
         <load_address>0x350</load_address>
         <run_address>0x350</run_address>
         <size>0x20</size>
         <input_file_ref idref="fl-148"/>
      </object_component>
      <object_component id="oc-f9">
         <name>.debug_aranges</name>
         <load_address>0x370</load_address>
         <run_address>0x370</run_address>
         <size>0x20</size>
         <input_file_ref idref="fl-144"/>
      </object_component>
      <object_component id="oc-ff">
         <name>.debug_aranges</name>
         <load_address>0x390</load_address>
         <run_address>0x390</run_address>
         <size>0x20</size>
         <input_file_ref idref="fl-144"/>
      </object_component>
      <object_component id="oc-105">
         <name>.debug_aranges</name>
         <load_address>0x3b0</load_address>
         <run_address>0x3b0</run_address>
         <size>0x20</size>
         <input_file_ref idref="fl-144"/>
      </object_component>
      <object_component id="oc-10b">
         <name>.debug_aranges</name>
         <load_address>0x3d0</load_address>
         <run_address>0x3d0</run_address>
         <size>0x20</size>
         <input_file_ref idref="fl-144"/>
[...]
         <cprec>
            <name>.data</name>
            <load_address>0x2760</load_address>
            <load_size>0x1f</load_size>
            <run_address>0x20002aac</run_address>
            <run_size>0x24</run_size>
            <compression>rle</compression>
         </cprec>
         <cprec>
            <name>.bss</name>
            <load_address>0x2790</load_address>
            <load_size>0x8</load_size>
            <run_address>0x20002a80</run_address>
            <run_size>0x2c</run_size>
            <compression>zero_init</compression>
         </cprec>
         <cprec>
            <name>.vtable</name>
            <load_address>0x2798</load_address>
            <load_size>0x8</load_size>
            <run_address>0x20000000</run_address>
            <run_size>0x26c</run_size>
            <compression>zero_init</compression>
         </cprec>
      </cptbl>
   </cptbl_list>
   <handler_table>
      <handler_table_name>__TI_handler_table</handler_table_name>
      <handler>
         <index>0x0</index>
         <name>__TI_zero_init</name>
      </handler>
      <handler>
         <index>0x1</index>
         <name>__TI_decompress_rle24</name>
      </handler>
      <handler>
         <index>0x2</index>
         <name>__TI_decompress_none</name>
      </handler>
   </handler_table>
   <symbol_table>
      <symbol id="sm-1">
         <name>__STACK_TOP</name>
         <value>0x20002a80</value>
      </symbol>
      <symbol id="sm-2">
         <name>__TI_CINIT_Base</name>
         <value>0x27a0</value>
      </symbol>
      <symbol id="sm-3">
         <name>__TI_CINIT_Limit</name>
         <value>0x27b8</value>
      </symbol>
      <symbol id="sm-4">
         <name>__TI_Handler_Table_Base</name>
         <value>0x2780</value>
      </symbol>
      <symbol id="sm-5">
         <name>__TI_Handler_Table_Limit</name>
         <value>0x278c</value>
      </symbol>
      <symbol id="sm-6">
         <name>binit</name>
         <value>0xffffffff</value>
      </symbol>
      <symbol id="sm-7">
         <name>__binit__</name>
         <value>0xffffffff</value>
      </symbol>
      <symbol id="sm-8">
         <name>__STACK_SIZE</name>
         <value>0x100</value>
      </symbol>
      <symbol id="sm-9">
         <name>__STACK_END</name>
         <value>0x20002a80</value>
      </symbol>
      <symbol id="sm-a">
         <name>__SYSMEM_SIZE</name>
         <value>0x2710</value>
      </symbol>
      <symbol id="sm-b">
         <name>__c_args__</name>
         <value>0xffffffff</value>
      </symbol>
      <symbol id="sm-7a">
         <name>degrees</name>
         <value>0x20002a98</value>
      </symbol>
      <symbol id="sm-7b">
         <name>yaw</name>
         <value>0x20002aa8</value>
      </symbol>
      <symbol id="sm-7c">
         <name>previous_state</name>
         <value>0x20002aa4</value>
      </symbol>
      <symbol id="sm-7d">
         <name>SysTickIntHandler</name>
         <value>0x150b</value>
         <object_component_ref idref="oc-7c"/>
      </symbol>
      <symbol id="sm-7e">
         <name>PinChangeIntHandler</name>
         <value>0x1415</value>
         <object_component_ref idref="oc-7c"/>
      </symbol>
      <symbol id="sm-7f">
         <name>main</name>
         <value>0x1665</value>
         <object_component_ref idref="oc-7c"/>
      </symbol>
      <symbol id="sm-80">
         <name>ADCIntHandler</name>
         <value>0x151f</value>
         <object_component_ref idref="oc-7c"/>
      </symbol>
      <symbol id="sm-81">
         <name>display</name>
         <value>0x1601</value>
         <object_component_ref idref="oc-7c"/>
      </symbol>
      <symbol id="sm-82">
         <name>initADC</name>
         <value>0x1585</value>
         <object_component_ref idref="oc-7c"/>
      </symbol>
      <symbol id="sm-83">
         <name>initClock</name>
         <value>0x155d</value>
         <object_component_ref idref="oc-7c"/>
      </symbol>
      <symbol id="sm-84">
         <name>initDisplay</name>
         <value>0x15f7</value>
         <object_component_ref idref="oc-7c"/>
      </symbol>
      <symbol id="sm-85">
         <name>initPin</name>
         <value>0x15c1</value>
         <object_component_ref idref="oc-7c"/>
      </symbol>
      <symbol id="sm-9e">
         <name>initCircBuf</name>
         <value>0x1c71</value>
         <object_component_ref idref="oc-13f"/>
      </symbol>
      <symbol id="sm-9f">
         <name>freeCircBuf</name>
         <value>0x1d03</value>
         <object_component_ref idref="oc-13f"/>
      </symbol>
      <symbol id="sm-a0">
         <name>writeCircBuf</name>
         <value>0x1c9b</value>
         <object_component_ref idref="oc-13f"/>
      </symbol>
      <symbol id="sm-a1">
         <name>readCircBuf</name>
         <value>0x1ccf</value>
         <object_component_ref idref="oc-13f"/>
      </symbol>
      <symbol id="sm-113">
         <name>RIT128x96x4StringDraw</name>
         <value>0xc9d</value>
         <object_component_ref idref="oc-133"/>
      </symbol>
      <symbol id="sm-114">
         <name>RIT128x96x4DisplayOn</name>
         <value>0xfdd</value>
         <object_component_ref idref="oc-133"/>
      </symbol>
      <symbol id="sm-115">
         <name>RIT128x96x4Enable</name>
         <value>0xe65</value>
         <object_component_ref idref="oc-133"/>
      </symbol>
      <symbol id="sm-116">
         <name>RIT128x96x4Clear</name>
         <value>0xc41</value>
         <object_component_ref idref="oc-133"/>
      </symbol>
      <symbol id="sm-117">
         <name>RIT128x96x4Disable</name>
         <value>0xebf</value>
         <object_component_ref idref="oc-133"/>
      </symbol>
      <symbol id="sm-118">
         <name>RIT128x96x4DisplayOff</name>
         <value>0x1011</value>
         <object_component_ref idref="oc-133"/>
      </symbol>
      <symbol id="sm-119">
         <name>RIT128x96x4ImageDraw</name>
         <value>0xddd</value>
         <object_component_ref idref="oc-133"/>
      </symbol>
      <symbol id="sm-11a">
         <name>RIT128x96x4Init</name>
         <value>0xf39</value>
         <object_component_ref idref="oc-133"/>
      </symbol>
      <symbol id="sm-136">
         <name>ResetISR</name>
         <value>0x2375</value>
         <object_component_ref idref="oc-2b"/>
      </symbol>
      <symbol id="sm-137">
         <name>g_pfnVectors</name>
         <value>0x0</value>
         <object_component_ref idref="oc-d"/>
      </symbol>
      <symbol id="sm-1ef">
         <name>uvsnprintf</name>
         <value>0x149</value>
         <object_component_ref idref="oc-139"/>
      </symbol>
      <symbol id="sm-1f0">
         <name>ustrncpy</name>
         <value>0xf1</value>
         <object_component_ref idref="oc-139"/>
      </symbol>
      <symbol id="sm-1f1">
         <name>ustrlen</name>
         <value>0x989</value>
         <object_component_ref idref="oc-139"/>
      </symbol>
      <symbol id="sm-1f2">
         <name>ulocaltime</name>
         <value>0x5d5</value>
         <object_component_ref idref="oc-139"/>
      </symbol>
      <symbol id="sm-1f3">
         <name>ustrstr</name>
         <value>0x9ab</value>
         <object_component_ref idref="oc-139"/>
      </symbol>
      <symbol id="sm-1f4">
         <name>ustrcmp</name>
         <value>0xaf1</value>
         <object_component_ref idref="oc-139"/>
      </symbol>
      <symbol id="sm-1f5">
         <name>usprintf</name>
         <value>0x573</value>
         <object_component_ref idref="oc-139"/>
      </symbol>
      <symbol id="sm-1f6">
         <name>usnprintf</name>
         <value>0x5a5</value>
         <object_component_ref idref="oc-139"/>
      </symbol>
      <symbol id="sm-1f7">
         <name>ustrtoul</name>
         <value>0x851</value>
         <object_component_ref idref="oc-139"/>
      </symbol>
      <symbol id="sm-1f8">
         <name>ustrcasecmp</name>
         <value>0xa7d</value>
         <object_component_ref idref="oc-139"/>
      </symbol>
      <symbol id="sm-1f9">
         <name>ustrnicmp</name>
         <value>0x9dd</value>
         <object_component_ref idref="oc-139"/>
      </symbol>
      <symbol id="sm-1fa">
         <name>umktime</name>
         <value>0x7d7</value>
         <object_component_ref idref="oc-139"/>
      </symbol>
      <symbol id="sm-1fb">
         <name>usrand</name>
         <value>0xb05</value>
         <object_component_ref idref="oc-139"/>
      </symbol>
      <symbol id="sm-1fc">
         <name>ustrncmp</name>
         <value>0xa91</value>
         <object_component_ref idref="oc-139"/>
      </symbol>
      <symbol id="sm-1fd">
         <name>urand</name>
         <value>0xb15</value>
         <object_component_ref idref="oc-139"/>
      </symbol>
      <symbol id="sm-20c">
         <name>_c_int00</name>
         <value>0x2169</value>
         <object_component_ref idref="oc-10"/>
      </symbol>
      <symbol id="sm-20d">
         <name>__stack</name>
         <value>0x20002980</value>
         <object_component_ref idref="oc-27"/>
      </symbol>
      <symbol id="sm-224">
         <name>__TI_decompress_none</name>
         <value>0x234f</value>
         <object_component_ref idref="oc-15"/>
      </symbol>
      <symbol id="sm-248">
         <name>__TI_decompress_rle24</name>
         <value>0x23d3</value>
         <object_component_ref idref="oc-21"/>
      </symbol>
      <symbol id="sm-25c">
         <name>__TI_zero_init</name>
         <value>0x230f</value>
         <object_component_ref idref="oc-1b"/>
      </symbol>
      <symbol id="sm-27b">
         <name>C$$EXIT</name>
         <value>0x202d</value>
         <object_component_ref idref="oc-3f"/>
      </symbol>
      <symbol id="sm-27c">
         <name>abort</name>
         <value>0x2031</value>
         <object_component_ref idref="oc-3f"/>
      </symbol>
      <symbol id="sm-27d">
         <name>exit</name>
         <value>0x2039</value>
         <object_component_ref idref="oc-3f"/>
      </symbol>
      <symbol id="sm-27e">
         <name>__TI_dtors_ptr</name>
         <value>0x20002ac4</value>
         <object_component_ref idref="oc-87"/>
      </symbol>
      <symbol id="sm-27f">
         <name>__TI_cleanup_ptr</name>
         <value>0x20002ac0</value>
         <object_component_ref idref="oc-87"/>
      </symbol>
      <symbol id="sm-29a">
         <name>memcpy</name>
         <value>0x1d29</value>
         <object_component_ref idref="oc-49"/>
      </symbol>
      <symbol id="sm-29b">
         <name>__aeabi_memcpy</name>
         <value>0x1d29</value>
         <object_component_ref idref="oc-49"/>
      </symbol>
      <symbol id="sm-29c">
         <name>__aeabi_memcpy8</name>
         <value>0x1d29</value>
         <object_component_ref idref="oc-49"/>
      </symbol>
      <symbol id="sm-29d">
         <name>__aeabi_memcpy4</name>
         <value>0x1d29</value>
         <object_component_ref idref="oc-49"/>
      </symbol>
      <symbol id="sm-312">
         <name>_sys_memory</name>
         <value>0x20000270</value>
         <object_component_ref idref="oc-28"/>
      </symbol>
      <symbol id="sm-313">
         <name>free</name>
         <value>0x1137</value>
         <object_component_ref idref="oc-203"/>
      </symbol>
      <symbol id="sm-314">
         <name>realloc</name>
         <value>0x11f7</value>
         <object_component_ref idref="oc-203"/>
      </symbol>
      <symbol id="sm-315">
         <name>memalign</name>
         <value>0x12fd</value>
         <object_component_ref idref="oc-203"/>
      </symbol>
      <symbol id="sm-316">
         <name>calloc</name>
         <value>0x13dd</value>
         <object_component_ref idref="oc-203"/>
      </symbol>
      <symbol id="sm-317">
         <name>malloc</name>
         <value>0x10d5</value>
         <object_component_ref idref="oc-203"/>
      </symbol>
      <symbol id="sm-318">
         <name>minit</name>
         <value>0x1049</value>
         <object_component_ref idref="oc-203"/>
      </symbol>
      <symbol id="sm-320">
         <name>main_func_sp</name>
         <value>0x20002ac8</value>
         <object_component_ref idref="oc-45"/>
      </symbol>
      <symbol id="sm-330">
         <name>__aeabi_uidivmod</name>
         <value>0x20b3</value>
         <object_component_ref idref="oc-1ec"/>
      </symbol>
      <symbol id="sm-349">
         <name>_nop</name>
         <value>0x22d3</value>
         <object_component_ref idref="oc-15c"/>
      </symbol>
      <symbol id="sm-34a">
         <name>_lock</name>
         <value>0x20002ab8</value>
         <object_component_ref idref="oc-84"/>
      </symbol>
      <symbol id="sm-34b">
         <name>_unlock</name>
         <value>0x20002abc</value>
         <object_component_ref idref="oc-84"/>
      </symbol>
      <symbol id="sm-34c">
         <name>_register_lock</name>
         <value>0x22cb</value>
         <object_component_ref idref="oc-15c"/>
      </symbol>
      <symbol id="sm-34d">
         <name>_register_unlock</name>
         <value>0x22c5</value>
         <object_component_ref idref="oc-15c"/>
      </symbol>
      <symbol id="sm-361">
         <name>_args_main</name>
         <value>0x2285</value>
         <object_component_ref idref="oc-39"/>
      </symbol>
      <symbol id="sm-37e">
         <name>__TI_auto_init</name>
         <value>0x1dc5</value>
         <object_component_ref idref="oc-34"/>
      </symbol>
      <symbol id="sm-397">
         <name>copy_in</name>
         <value>0x1fe9</value>
         <object_component_ref idref="oc-75"/>
      </symbol>
      <symbol id="sm-3e3">
         <name>ADCProcessorTrigger</name>
         <value>0x2251</value>
         <object_component_ref idref="oc-bb"/>
      </symbol>
      <symbol id="sm-3e4">
         <name>ADCSequenceEnable</name>
         <value>0x2341</value>
         <object_component_ref idref="oc-103"/>
      </symbol>
      <symbol id="sm-3e5">
         <name>ADCSequenceConfigure</name>
         <value>0x219d</value>
         <object_component_ref idref="oc-f7"/>
      </symbol>
      <symbol id="sm-3e6">
         <name>ADCIntEnable</name>
         <value>0x2321</value>
         <object_component_ref idref="oc-10f"/>
      </symbol>
      <symbol id="sm-3e7">
         <name>ADCSequenceStepConfigure</name>
         <value>0x1e59</value>
         <object_component_ref idref="oc-fd"/>
      </symbol>
      <symbol id="sm-3e8">
         <name>ADCIntClear</name>
         <value>0x2381</value>
         <object_component_ref idref="oc-c7"/>
      </symbol>
      <symbol id="sm-3e9">
         <name>ADCIntRegister</name>
         <value>0x21f1</value>
         <object_component_ref idref="oc-109"/>
      </symbol>
      <symbol id="sm-3ea">
         <name>ADCSequenceDataGet</name>
         <value>0x2215</value>
         <object_component_ref idref="oc-c1"/>
      </symbol>
      <symbol id="sm-462">
         <name>GPIOPinIntClear</name>
         <value>0x23bb</value>
         <object_component_ref idref="oc-af"/>
      </symbol>
      <symbol id="sm-463">
         <name>GPIOIntTypeSet</name>
         <value>0x20f5</value>
         <object_component_ref idref="oc-121"/>
      </symbol>
      <symbol id="sm-464">
         <name>GPIOPinIntEnable</name>
         <value>0x2369</value>
         <object_component_ref idref="oc-127"/>
      </symbol>
      <symbol id="sm-465">
         <name>GPIOPinTypeGPIOOutput</name>
         <value>0x22d9</value>
         <object_component_ref idref="oc-1d7"/>
      </symbol>
      <symbol id="sm-466">
         <name>GPIOPinRead</name>
         <value>0x23c1</value>
         <object_component_ref idref="oc-b5"/>
      </symbol>
      <symbol id="sm-467">
         <name>GPIODirModeSet</name>
         <value>0x21c7</value>
         <object_component_ref idref="oc-23e"/>
      </symbol>
      <symbol id="sm-468">
         <name>GPIOPinWrite</name>
         <value>0x23c7</value>
         <object_component_ref idref="oc-1aa"/>
      </symbol>
      <symbol id="sm-469">
         <name>GPIOPadConfigSet</name>
         <value>0x1bb9</value>
         <object_component_ref idref="oc-11b"/>
      </symbol>
      <symbol id="sm-46a">
         <name>GPIOPinTypeSSI</name>
         <value>0x22eb</value>
         <object_component_ref idref="oc-1c5"/>
      </symbol>
      <symbol id="sm-46b">
         <name>GPIOPortIntRegister</name>
         <value>0x226b</value>
         <object_component_ref idref="oc-115"/>
      </symbol>
      <symbol id="sm-4ac">
         <name>IntEnable</name>
         <value>0x1ec5</value>
         <object_component_ref idref="oc-12d"/>
      </symbol>
      <symbol id="sm-4ad">
         <name>IntRegister</name>
         <value>0x2135</value>
         <object_component_ref idref="oc-183"/>
      </symbol>
      <symbol id="sm-4ae">
         <name>g_pfnRAMVectors</name>
         <value>0x20000000</value>
         <object_component_ref idref="oc-22b"/>
      </symbol>
      <symbol id="sm-4af">
         <name>IntMasterEnable</name>
         <value>0x238b</value>
         <object_component_ref idref="oc-145"/>
      </symbol>
      <symbol id="sm-4e8">
         <name>SSIDataPut</name>
         <value>0x2395</value>
         <object_component_ref idref="oc-1b0"/>
      </symbol>
      <symbol id="sm-4e9">
         <name>SSIDataGetNonBlocking</name>
         <value>0x22fd</value>
         <object_component_ref idref="oc-1d1"/>
      </symbol>
      <symbol id="sm-4ea">
         <name>SSIConfigSetExpClk</name>
         <value>0x2071</value>
         <object_component_ref idref="oc-1bf"/>
      </symbol>
      <symbol id="sm-4eb">
         <name>SSIEnable</name>
         <value>0x23a9</value>
         <object_component_ref idref="oc-1cb"/>
      </symbol>
      <symbol id="sm-4ec">
         <name>SSIBusy</name>
         <value>0x23b3</value>
         <object_component_ref idref="oc-1a4"/>
      </symbol>
      <symbol id="sm-4ed">
         <name>SSIDisable</name>
         <value>0x239f</value>
         <object_component_ref idref="oc-1b9"/>
      </symbol>
      <symbol id="sm-563">
         <name>SysCtlClockSet</name>
         <value>0x1975</value>
         <object_component_ref idref="oc-cd"/>
      </symbol>
      <symbol id="sm-564">
         <name>SysCtlDelay</name>
         <value>0x23cd</value>
         <object_component_ref idref="oc-179"/>
      </symbol>
      <symbol id="sm-565">
         <name>SysCtlPeripheralEnable</name>
         <value>0x1f8d</value>
         <object_component_ref idref="oc-f1"/>
      </symbol>
      <symbol id="sm-566">
         <name>SysCtlClockGet</name>
         <value>0x17ad</value>
         <object_component_ref idref="oc-d3"/>
      </symbol>
      <symbol id="sm-593">
         <name>SysTickEnable</name>
         <value>0x229d</value>
         <object_component_ref idref="oc-eb"/>
      </symbol>
      <symbol id="sm-594">
         <name>SysTickIntRegister</name>
         <value>0x2235</value>
         <object_component_ref idref="oc-df"/>
      </symbol>
      <symbol id="sm-595">
         <name>SysTickIntEnable</name>
         <value>0x22b1</value>
         <object_component_ref idref="oc-e5"/>
      </symbol>
      <symbol id="sm-596">
         <name>SysTickPeriodSet</name>
         <value>0x2331</value>
         <object_component_ref idref="oc-d9"/>
      </symbol>
      <symbol id="sm-5a0">
         <name>CPUcpsie</name>
         <value>0x235d</value>
         <object_component_ref idref="oc-20b"/>
      </symbol>
      <symbol id="sm-5a1">
         <name>__TI_static_base__</name>
         <value>0x0</value>
      </symbol>
      <symbol id="sm-5a2">
         <name>__TI_args_main</name>
         <value>0x1</value>
      </symbol>
      <symbol id="sm-5a3">
         <name>SHT$$INIT_ARRAY$$Limit</name>
         <value>0x0</value>
      </symbol>
      <symbol id="sm-5a4">
         <name>SHT$$INIT_ARRAY$$Base</name>
         <value>0x0</value>
      </symbol>
   </symbol_table>
   <title>Link successful</title>
</link_info>
