******************************************************************************
                  TI ARM Linker PC v5.1.6                      
******************************************************************************
>> Linked Tue May 10 19:39:33 2016

OUTPUT FILE NAME:   <Week-2_ADC.out>
ENTRY POINT SYMBOL: "_c_int00"  address: 00002169


MEMORY CONFIGURATION

         name            origin    length      used     unused   attr    fill
----------------------  --------  ---------  --------  --------  ----  --------
  FLASH                 00000000   00040000  000027b6  0003d84a  R  X
  SRAM                  20000000   00010000  00002acc  0000d534  RW X


SEGMENT ALLOCATION MAP

run origin  load origin   length   init length attrs members
----------  ----------- ---------- ----------- ----- -------
00000000    00000000    000027b8   000027b8    r-x
  00000000    00000000    000000f0   000000f0    r-- .intvecs
  000000f0    000000f0    000022e8   000022e8    r-x .text
  000023d8    000023d8    00000386   00000386    r-- .const
  00002760    00002760    00000058   00000058    r-- .cinit
20000000    20000000    00002ad0   00000000    rw-
  20000000    20000000    0000026c   00000000    rw- .vtable
  20000270    20000270    00002710   00000000    rw- .sysmem
  20002980    20002980    00000100   00000000    rw- .stack
  20002a80    20002a80    0000002c   00000000    rw- .bss
  20002aac    20002aac    00000024   00000000    rw- .data


SECTION ALLOCATION MAP

 output                                  attributes/
section   page    origin      length       input sections
--------  ----  ----------  ----------   ----------------
.intvecs   0    00000000    000000f0     
                  00000000    000000f0     startup_ccs.obj (.intvecs)

.text      0    000000f0    000022e8     
                  000000f0    00000a48     ustdlib.obj (.text)
                  00000b38    00000510     rit128x96x4.obj (.text)
                  00001048    000003cc     rtsv7M3_T_le_eabi.lib : memory.obj (.text)
                  00001414    00000398     MS2ID.obj (.text)
                  000017ac    000001c8     driverlib-cm3.lib : sysctl.obj (.text:SysCtlClockGet)
                  00001974    00000148                       : sysctl.obj (.text:SysCtlClockSet)
                  00001abc    000000fc                       : gpio.obj (.text:GPIOGetIntNumber)
                  00001bb8    000000b8                       : gpio.obj (.text:GPIOPadConfigSet)
                  00001c70    000000b8     circBuf.obj (.text)
                  00001d28    0000009c     rtsv7M3_T_le_eabi.lib : memcpy_t2.obj (.text)
                  00001dc4    00000094                           : auto_init.obj (.text)
                  00001e58    0000006c     driverlib-cm3.lib : adc.obj (.text:ADCSequenceStepConfigure)
                  00001ec4    00000068                       : interrupt.obj (.text:IntEnable)
                  00001f2c    0000005e     rtsv7M3_T_le_eabi.lib : copy_decompress_rle.obj (.text)
                  00001f8a    00000002     --HOLE-- [fill = 0]
                  00001f8c    0000005c     driverlib-cm3.lib : sysctl.obj (.text:SysCtlPeripheralEnable)
                  00001fe8    00000044     rtsv7M3_T_le_eabi.lib : cpy_tbl.obj (.text)
                  0000202c    00000044                           : exit.obj (.text)
                  00002070    00000042     driverlib-cm3.lib : ssi.obj (.text:SSIConfigSetExpClk)
                  000020b2    00000042     rtsv7M3_T_le_eabi.lib : u_divt2.obj (.text)
                  000020f4    0000003e     driverlib-cm3.lib : gpio.obj (.text:GPIOIntTypeSet)
                  00002132    00000002     --HOLE-- [fill = 0]
                  00002134    00000034                       : interrupt.obj (.text:IntRegister)
                  00002168    00000034     rtsv7M3_T_le_eabi.lib : boot.obj (.text)
                  0000219c    0000002a     driverlib-cm3.lib : adc.obj (.text:ADCSequenceConfigure)
                  000021c6    0000002a                       : gpio.obj (.text:GPIODirModeSet)
                  000021f0    00000024                       : adc.obj (.text:ADCIntRegister)
                  00002214    0000001e                       : adc.obj (.text:ADCSequenceDataGet)
                  00002232    00000002     --HOLE-- [fill = 0]
                  00002234    0000001c                       : systick.obj (.text:SysTickIntRegister)
                  00002250    0000001a                       : adc.obj (.text:ADCProcessorTrigger)
                  0000226a    00000018                       : gpio.obj (.text:GPIOPortIntRegister)
                  00002282    00000002     --HOLE-- [fill = 0]
                  00002284    00000018     rtsv7M3_T_le_eabi.lib : args_main.obj (.text)
                  0000229c    00000014     driverlib-cm3.lib : systick.obj (.text:SysTickEnable)
                  000022b0    00000014                       : systick.obj (.text:SysTickIntEnable)
                  000022c4    00000014     rtsv7M3_T_le_eabi.lib : _lock.obj (.text)
                  000022d8    00000012     driverlib-cm3.lib : gpio.obj (.text:GPIOPinTypeGPIOOutput)
                  000022ea    00000012                       : gpio.obj (.text:GPIOPinTypeSSI)
                  000022fc    00000012                       : ssi.obj (.text:SSIDataGetNonBlocking)
                  0000230e    00000012     rtsv7M3_T_le_eabi.lib : copy_zero_init.obj (.text:decompress:ZI)
                  00002320    00000010     driverlib-cm3.lib : adc.obj (.text:ADCIntEnable)
                  00002330    00000010                       : systick.obj (.text:SysTickPeriodSet)
                  00002340    0000000e                       : adc.obj (.text:ADCSequenceEnable)
                  0000234e    0000000e     rtsv7M3_T_le_eabi.lib : copy_decompress_none.obj (.text:decompress:none)
                  0000235c    0000000c     driverlib-cm3.lib : cpu.obj (.text:CPUcpsie)
                  00002368    0000000c                       : gpio.obj (.text:GPIOPinIntEnable)
                  00002374    0000000c     startup_ccs.obj (.text)
                  00002380    0000000a     driverlib-cm3.lib : adc.obj (.text:ADCIntClear)
                  0000238a    0000000a                       : interrupt.obj (.text:IntMasterEnable)
                  00002394    0000000a                       : ssi.obj (.text:SSIDataPut)
                  0000239e    0000000a                       : ssi.obj (.text:SSIDisable)
                  000023a8    0000000a                       : ssi.obj (.text:SSIEnable)
                  000023b2    00000008                       : ssi.obj (.text:SSIBusy)
                  000023ba    00000006                       : gpio.obj (.text:GPIOPinIntClear)
                  000023c0    00000006                       : gpio.obj (.text:GPIOPinRead)
                  000023c6    00000006                       : gpio.obj (.text:GPIOPinWrite)
                  000023cc    00000006                       : sysctl.obj (.text:SysCtlDelay)
                  000023d2    00000006     rtsv7M3_T_le_eabi.lib : copy_decompress_rle.obj (.text:decompress:rle24)

.const     0    000023d8    00000386     
                  000023d8    000001e0     rit128x96x4.obj (.const:g_pucFont)
                  000025b8    00000070     driverlib-cm3.lib : interrupt.obj (.const)
                  00002628    0000006c                       : sysctl.obj (.const:g_pulXtals)
                  00002694    0000004f     rit128x96x4.obj (.const:.string:g_pucRIT128x96x4Init)
                  000026e3    00000001     --HOLE-- [fill = 0]
                  000026e4    00000040     driverlib-cm3.lib : sysctl.obj (.const)
                  00002724    0000001c     ustdlib.obj (.const)
                  00002740    00000012     ustdlib.obj (.const:.string)
                  00002752    0000000c     rit128x96x4.obj (.const:.string)

.cinit     0    00002760    00000058     
                  00002760    0000001f     (.cinit..data.load) [load image, compression = rle]
                  0000277f    00000001     --HOLE-- [fill = 0]
                  00002780    0000000c     (__TI_handler_table)
                  0000278c    00000004     --HOLE-- [fill = 0]
                  00002790    00000008     (.cinit..bss.load) [load image, compression = zero_init]
                  00002798    00000008     (.cinit..vtable.load) [load image, compression = zero_init]
                  000027a0    00000018     (__TI_cinit_table)

.vtable    0    20000000    0000026c     UNINITIALIZED
                  20000000    0000026c     driverlib-cm3.lib : interrupt.obj (.vtable)

.sysmem    0    20000270    00002710     UNINITIALIZED
                  20000270    00000008     rtsv7M3_T_le_eabi.lib : memory.obj (.sysmem)
                  20000278    00002708     --HOLE--

.stack     0    20002980    00000100     UNINITIALIZED
                  20002980    00000100     --HOLE--

.bss       0    20002a80    0000002c     UNINITIALIZED
                  20002a80    00000010     (.common:g_inBuffer)
                  20002a90    00000008     (.common:g_pucBuffer)
                  20002a98    00000004     (.common:degrees)
                  20002a9c    00000004     (.common:g_ulSSIFlags)
                  20002aa0    00000004     (.common:g_ulSampCnt)
                  20002aa4    00000004     (.common:previous_state)
                  20002aa8    00000004     (.common:yaw)

.data      0    20002aac    00000024     UNINITIALIZED
                  20002aac    0000000c     rtsv7M3_T_le_eabi.lib : memory.obj (.data)
                  20002ab8    00000008                           : _lock.obj (.data)
                  20002ac0    00000008                           : exit.obj (.data)
                  20002ac8    00000004                           : stkdepth_vars.obj (.data)
                  20002acc    00000004     ustdlib.obj (.data)


LINKER GENERATED COPY TABLES

__TI_cinit_table @ 000027a0 records: 3, size/record: 8, table size: 24
	.data: load addr=00002760, load size=0000001f bytes, run addr=20002aac, run size=00000024 bytes, compression=rle
	.bss: load addr=00002790, load size=00000008 bytes, run addr=20002a80, run size=0000002c bytes, compression=zero_init
	.vtable: load addr=00002798, load size=00000008 bytes, run addr=20000000, run size=0000026c bytes, compression=zero_init


LINKER GENERATED HANDLER TABLE

__TI_handler_table @ 00002780 records: 3, size/record: 4, table size: 12
	index: 0, handler: __TI_zero_init
	index: 1, handler: __TI_decompress_rle24
	index: 2, handler: __TI_decompress_none


GLOBAL SYMBOLS: SORTED ALPHABETICALLY BY Name 

address    name
--------   ----
00002381   ADCIntClear
00002321   ADCIntEnable
0000151f   ADCIntHandler
000021f1   ADCIntRegister
00002251   ADCProcessorTrigger
0000219d   ADCSequenceConfigure
00002215   ADCSequenceDataGet
00002341   ADCSequenceEnable
00001e59   ADCSequenceStepConfigure
0000202d   C$$EXIT
0000235d   CPUcpsie
000021c7   GPIODirModeSet
000020f5   GPIOIntTypeSet
00001bb9   GPIOPadConfigSet
000023bb   GPIOPinIntClear
00002369   GPIOPinIntEnable
000023c1   GPIOPinRead
000022d9   GPIOPinTypeGPIOOutput
000022eb   GPIOPinTypeSSI
000023c7   GPIOPinWrite
0000226b   GPIOPortIntRegister
00001ec5   IntEnable
0000238b   IntMasterEnable
00002135   IntRegister
00001415   PinChangeIntHandler
00000c41   RIT128x96x4Clear
00000ebf   RIT128x96x4Disable
00001011   RIT128x96x4DisplayOff
00000fdd   RIT128x96x4DisplayOn
00000e65   RIT128x96x4Enable
00000ddd   RIT128x96x4ImageDraw
00000f39   RIT128x96x4Init
00000c9d   RIT128x96x4StringDraw
00002375   ResetISR
UNDEFED    SHT$$INIT_ARRAY$$Base
UNDEFED    SHT$$INIT_ARRAY$$Limit
000023b3   SSIBusy
00002071   SSIConfigSetExpClk
000022fd   SSIDataGetNonBlocking
00002395   SSIDataPut
0000239f   SSIDisable
000023a9   SSIEnable
000017ad   SysCtlClockGet
00001975   SysCtlClockSet
000023cd   SysCtlDelay
00001f8d   SysCtlPeripheralEnable
0000229d   SysTickEnable
000022b1   SysTickIntEnable
0000150b   SysTickIntHandler
00002235   SysTickIntRegister
00002331   SysTickPeriodSet
20002a80   __STACK_END
00000100   __STACK_SIZE
20002a80   __STACK_TOP
00002710   __SYSMEM_SIZE
000027a0   __TI_CINIT_Base
000027b8   __TI_CINIT_Limit
00002780   __TI_Handler_Table_Base
0000278c   __TI_Handler_Table_Limit
00000001   __TI_args_main
00001dc5   __TI_auto_init
20002ac0   __TI_cleanup_ptr
0000234f   __TI_decompress_none
000023d3   __TI_decompress_rle24
20002ac4   __TI_dtors_ptr
00000000   __TI_static_base__
0000230f   __TI_zero_init
00001d29   __aeabi_memcpy
00001d29   __aeabi_memcpy4
00001d29   __aeabi_memcpy8
000020b3   __aeabi_uidivmod
ffffffff   __binit__
ffffffff   __c_args__
20002980   __stack
00002285   _args_main
00002169   _c_int00
20002ab8   _lock
000022d3   _nop
000022cb   _register_lock
000022c5   _register_unlock
20000270   _sys_memory
20002abc   _unlock
00002031   abort
ffffffff   binit
000013dd   calloc
00001fe9   copy_in
20002a98   degrees
00001601   display
00002039   exit
00001137   free
00001d03   freeCircBuf
20000000   g_pfnRAMVectors
00000000   g_pfnVectors
00001585   initADC
00001c71   initCircBuf
0000155d   initClock
000015f7   initDisplay
000015c1   initPin
00001665   main
20002ac8   main_func_sp
000010d5   malloc
000012fd   memalign
00001d29   memcpy
00001049   minit
20002aa4   previous_state
00001ccf   readCircBuf
000011f7   realloc
000005d5   ulocaltime
000007d7   umktime
00000b15   urand
000005a5   usnprintf
00000573   usprintf
00000b05   usrand
00000a7d   ustrcasecmp
00000af1   ustrcmp
00000989   ustrlen
00000a91   ustrncmp
000000f1   ustrncpy
000009dd   ustrnicmp
000009ab   ustrstr
00000851   ustrtoul
00000149   uvsnprintf
00001c9b   writeCircBuf
20002aa8   yaw


GLOBAL SYMBOLS: SORTED BY Symbol Address 

address    name
--------   ----
00000000   __TI_static_base__
00000000   g_pfnVectors
00000001   __TI_args_main
000000f1   ustrncpy
00000100   __STACK_SIZE
00000149   uvsnprintf
00000573   usprintf
000005a5   usnprintf
000005d5   ulocaltime
000007d7   umktime
00000851   ustrtoul
00000989   ustrlen
000009ab   ustrstr
000009dd   ustrnicmp
00000a7d   ustrcasecmp
00000a91   ustrncmp
00000af1   ustrcmp
00000b05   usrand
00000b15   urand
00000c41   RIT128x96x4Clear
00000c9d   RIT128x96x4StringDraw
00000ddd   RIT128x96x4ImageDraw
00000e65   RIT128x96x4Enable
00000ebf   RIT128x96x4Disable
00000f39   RIT128x96x4Init
00000fdd   RIT128x96x4DisplayOn
00001011   RIT128x96x4DisplayOff
00001049   minit
000010d5   malloc
00001137   free
000011f7   realloc
000012fd   memalign
000013dd   calloc
00001415   PinChangeIntHandler
0000150b   SysTickIntHandler
0000151f   ADCIntHandler
0000155d   initClock
00001585   initADC
000015c1   initPin
000015f7   initDisplay
00001601   display
00001665   main
000017ad   SysCtlClockGet
00001975   SysCtlClockSet
00001bb9   GPIOPadConfigSet
00001c71   initCircBuf
00001c9b   writeCircBuf
00001ccf   readCircBuf
00001d03   freeCircBuf
00001d29   __aeabi_memcpy
00001d29   __aeabi_memcpy4
00001d29   __aeabi_memcpy8
00001d29   memcpy
00001dc5   __TI_auto_init
00001e59   ADCSequenceStepConfigure
00001ec5   IntEnable
00001f8d   SysCtlPeripheralEnable
00001fe9   copy_in
0000202d   C$$EXIT
00002031   abort
00002039   exit
00002071   SSIConfigSetExpClk
000020b3   __aeabi_uidivmod
000020f5   GPIOIntTypeSet
00002135   IntRegister
00002169   _c_int00
0000219d   ADCSequenceConfigure
000021c7   GPIODirModeSet
000021f1   ADCIntRegister
00002215   ADCSequenceDataGet
00002235   SysTickIntRegister
00002251   ADCProcessorTrigger
0000226b   GPIOPortIntRegister
00002285   _args_main
0000229d   SysTickEnable
000022b1   SysTickIntEnable
000022c5   _register_unlock
000022cb   _register_lock
000022d3   _nop
000022d9   GPIOPinTypeGPIOOutput
000022eb   GPIOPinTypeSSI
000022fd   SSIDataGetNonBlocking
0000230f   __TI_zero_init
00002321   ADCIntEnable
00002331   SysTickPeriodSet
00002341   ADCSequenceEnable
0000234f   __TI_decompress_none
0000235d   CPUcpsie
00002369   GPIOPinIntEnable
00002375   ResetISR
00002381   ADCIntClear
0000238b   IntMasterEnable
00002395   SSIDataPut
0000239f   SSIDisable
000023a9   SSIEnable
000023b3   SSIBusy
000023bb   GPIOPinIntClear
000023c1   GPIOPinRead
000023c7   GPIOPinWrite
000023cd   SysCtlDelay
000023d3   __TI_decompress_rle24
00002710   __SYSMEM_SIZE
00002780   __TI_Handler_Table_Base
0000278c   __TI_Handler_Table_Limit
000027a0   __TI_CINIT_Base
000027b8   __TI_CINIT_Limit
20000000   g_pfnRAMVectors
20000270   _sys_memory
20002980   __stack
20002a80   __STACK_END
20002a80   __STACK_TOP
20002a98   degrees
20002aa4   previous_state
20002aa8   yaw
20002ab8   _lock
20002abc   _unlock
20002ac0   __TI_cleanup_ptr
20002ac4   __TI_dtors_ptr
20002ac8   main_func_sp
ffffffff   __binit__
ffffffff   __c_args__
ffffffff   binit
UNDEFED    SHT$$INIT_ARRAY$$Base
UNDEFED    SHT$$INIT_ARRAY$$Limit

[124 symbols]
